#
# A fatal error has been detected by the Java Runtime Environment:
#
#  EXCEPTION_ACCESS_VIOLATION (0xc0000005) at pc=0x00007ffd1fd2e5c6, pid=28252, tid=34132
#
# JRE version: Java(TM) SE Runtime Environment (25.0+37) (build 25+37-LTS-3491)
# Java VM: Java HotSpot(TM) 64-Bit Server VM (25+37-LTS-3491, mixed mode, sharing, tiered, compressed oops, compressed class ptrs, g1 gc, windows-amd64)
# Problematic frame:
# C  [awt.dll+0xde5c6]
#
# No core dump will be written. Minidumps are not enabled by default on client versions of Windows
#
# If you would like to submit a bug report, please visit:
#   https://bugreport.java.com/bugreport/crash.jsp
# The crash happened outside the Java Virtual Machine in native code.
# See problematic frame for where to report the bug.
#

---------------  S U M M A R Y ------------

Command Line: -Dfile.encoding=UTF-8 -Duser.country=GB -Duser.language=en -Duser.variant week7_gui.qho543_week7_gui.MainKt

Host: 12th Gen Intel(R) Core(TM) i7-1265U, 12 cores, 31G,  Windows 11 , 64 bit Build 26100 (10.0.26100.7019)
Time: Mon Dec  1 08:29:23 2025 GMT Standard Time elapsed time: 27134.017350 seconds (0d 7h 32m 14s)

---------------  T H R E A D  ---------------

Current thread (0x0000025c263ebba0):  JavaThread "AWT-EventQueue-0"        [_thread_in_native, id=34132, stack(0x0000009674300000,0x0000009674400000) (1024K)]

Stack: [0x0000009674300000,0x0000009674400000],  sp=0x00000096743feaa0,  free space=1018k
Native frames: (J=compiled Java code, j=interpreted, Vv=VM code, C=native code)
C  [awt.dll+0xde5c6]  (no source info available)
C  [awt.dll+0xdfeb2]  (no source info available)
C  0x0000025c0fcfd193  (no source info available)

The last pc belongs to native method entry point (kind = native) (printed below).
Java frames: (J=compiled Java code, j=interpreted, Vv=VM code)
j  sun.awt.Win32GraphicsDevice.initNativeScale(I)V+0 java.desktop@25
j  sun.awt.Win32GraphicsDevice.initScaleFactors()V+60 java.desktop@25
j  sun.awt.Win32GraphicsDevice.displayChanged()V+16 java.desktop@25
j  sun.awt.Win32GraphicsEnvironment.displayChanged()V+271 java.desktop@25
j  sun.awt.windows.WToolkit.lambda$displayChanged$0()V+15 java.desktop@25
j  sun.awt.windows.WToolkit$$Lambda+0x000000002f1c8c80.run()V+0 java.desktop@25
j  java.awt.event.InvocationEvent.dispatch()V+47 java.desktop@25
j  java.awt.EventQueue.dispatchEventImpl(Ljava/awt/AWTEvent;Ljava/lang/Object;)V+21 java.desktop@25
j  java.awt.EventQueue.dispatchEvent(Ljava/awt/AWTEvent;)V+22 java.desktop@25
j  java.awt.EventDispatchThread.pumpOneEventForFilters(I)V+81 java.desktop@25
j  java.awt.EventDispatchThread.pumpEventsForFilter(ILjava/awt/Conditional;Ljava/awt/EventFilter;)V+35 java.desktop@25
j  java.awt.EventDispatchThread.pumpEventsForHierarchy(ILjava/awt/Conditional;Ljava/awt/Component;)V+11 java.desktop@25
j  java.awt.EventDispatchThread.pumpEvents(ILjava/awt/Conditional;)V+4 java.desktop@25
j  java.awt.EventDispatchThread.pumpEvents(Ljava/awt/Conditional;)V+3 java.desktop@25
j  java.awt.EventDispatchThread.run()V+9 java.desktop@25
v  ~StubRoutines::call_stub 0x0000025c0fcf12ed

siginfo: EXCEPTION_ACCESS_VIOLATION (0xc0000005), reading address 0x000000000000007a


Registers:
RAX=0x000000000000002a, RBX=0x0000025c7c872210, RCX=0x000000000000002a, RDX=0x0000000000000000
RSP=0x00000096743feaa0, RBP=0x00000096743feb80, RSI=0x0000000000000000, RDI=0x0000000000000000
R8 =0x0000000000000001, R9 =0x0000009672752000, R10=0x0000025c0fcfd233, R11=0x0000000000000100
R12=0x0000000000000000, R13=0x0000025c22249b48, R14=0x00000096743feba8, R15=0x0000025c263ebba0
RIP=0x00007ffd1fd2e5c6, EFLAGS=0x0000000000010206

XMM[0]=0x0000000000000000 0x0000000000000000
XMM[1]=0x0000000000000000 0x00000000bf800000
XMM[2]=0x0000000000000000 0x0000000000000000
XMM[3]=0x0000000000000000 0x0000000000000000
XMM[4]=0x0000000000000000 0x0000000000000000
XMM[5]=0x0000000000000000 0x0000000000000000
XMM[6]=0x0000000000000000 0xfb5fdd6448ab63d2
XMM[7]=0x0000000000000000 0xdafe94a9dace22a9
XMM[8]=0x0000000000000000 0x0b3c73a149abdba9
XMM[9]=0x0000000000000000 0xdbe7730bebd95986
XMM[10]=0x0000000000000000 0x000000000ff1e67b
XMM[11]=0x0000000000000000 0x0e994fb2fa72a938
XMM[12]=0x0000000000000000 0x00000000ebd95986
XMM[13]=0x0000000000000000 0x0000000000000000
XMM[14]=0x0000000000000000 0x0000000000000000
XMM[15]=0x0000000000000000 0x0000000000000000
  MXCSR=0x00001fa1


Register to memory mapping:

RAX=0x000000000000002a is an unknown value
RBX=0x0000025c7c872210 points into unknown readable memory: 0x0000025c2199ef00 | 00 ef 99 21 5c 02 00 00
RCX=0x000000000000002a is an unknown value
RDX=0x0 is null
RSP=0x00000096743feaa0 is pointing into the stack for thread: 0x0000025c263ebba0
RBP=0x00000096743feb80 is pointing into the stack for thread: 0x0000025c263ebba0
RSI=0x0 is null
RDI=0x0 is null
R8 =0x0000000000000001 is an unknown value
R9 =0x0000009672752000 points into unknown readable memory: 0x0000000000000000 | 00 00 00 00 00 00 00 00
R10=0x0000025c0fcfd233 is at code_begin+1139 in an Interpreter codelet
native method entry point (kind = native)  [0x0000025c0fcfcdc0, 0x0000025c0fcfd8b8]  2808 bytes
R11=0x0000000000000100 is an unknown value
R12=0x0 is null
R13={method} {0x0000025c22249b50} 'initNativeScale' '(I)V' in 'sun/awt/Win32GraphicsDevice'
R14=0x00000096743feba8 is pointing into the stack for thread: 0x0000025c263ebba0
R15=0x0000025c263ebba0 is a thread

Top of Stack: (sp=0x00000096743feaa0)
0x00000096743feaa0:   0000025c7c872210 0000000000000001   .".|\...........
0x00000096743feab0:   0000000000000000 0000025c7c872210   .........".|\...
0x00000096743feac0:   0000025c7c872210 00007ffd1fd2feb2   .".|\...........
0x00000096743fead0:   00007ffd1fd8c838 0000025c22249b48   8.......H.$"\...
0x00000096743feae0:   0000000000000000 0000025c263ebba0   ..........>&\...
0x00000096743feaf0:   0000025c0fcf8cb2 0000025c0fcfd193   ....\.......\...
0x00000096743feb00:   0000025c22249b48 0000000000000000   H.$"\...........
0x00000096743feb10:   00000096743feb80 0000025c0fcf8cb2   ..?t........\...
0x00000096743feb20:   00000096743feb80 0000000000000001   ..?t............
0x00000096743feb30:   000000062714b9c0 fffffffffffffff7   ...'............
0x00000096743feb40:   0000000000000000 0000000000000005   ................
0x00000096743feb50:   0000025c2224d0f0 0000000000000000   ..$"\...........
0x00000096743feb60:   0000000625367488 0000025c22249b48   .t6%....H.$"\...
0x00000096743feb70:   0000000000000000 00000096743feba0   ..........?t....
0x00000096743feb80:   00000096743febf8 0000025c0fcf8b18   ..?t........\...
0x00000096743feb90:   0000000000000000 0000025c0fcfa757   ........W...\...
0x00000096743feba0:   0000000000000000 00000006251a5ce0   .........\.%....
0x00000096743febb0:   fffffffffffffff7 0000025c2224a1ac   ..........$"\...
0x00000096743febc0:   0000000000000002 0000025c2224d0f0   ..........$"\...
0x00000096743febd0:   0000000000000000 0000000625367488   .........t6%....
0x00000096743febe0:   0000025c2224a1f8 fffffffffffffff5   ..$"\...........
0x00000096743febf0:   00000096743fec08 00000096743fec58   ..?t....X.?t....
0x00000096743fec00:   0000025c0fcf8b18 00000006251a5ce0   ....\....\.%....
0x00000096743fec10:   fffffffffffffff7 0000025c2224b968   ........h.$"\...
0x00000096743fec20:   0000000000000003 0000025c2224d0f0   ..........$"\...
0x00000096743fec30:   0000000000000000 0000000625367488   .........t6%....
0x00000096743fec40:   0000025c2224b9b0 fffffffffffffff6   ..$"\...........
0x00000096743fec50:   00000096743fec70 00000096743fecc0   p.?t......?t....
0x00000096743fec60:   0000025c0fcf8b18 0000000000000000   ....\...........
0x00000096743fec70:   00000006251a5ce0 fffffffffffffff7   .\.%............
0x00000096743fec80:   0000025c2223c347 0000000000000008   G.#"\...........
0x00000096743fec90:   0000025c22240588 0000000000000000   ..$"\...........

Instructions: (pc=0x00007ffd1fd2e5c6)
  0x00007ffd1fd2e4c6:   11 45 d4 0f 11 45 e4 0f 11 45 f4 89 45 04 c7 45
  0x00007ffd1fd2e4d6:   a0 68 00 00 00 0f 11 44 24 34 0f 11 44 24 44 0f
  0x00007ffd1fd2e4e6:   11 44 24 54 0f 11 44 24 64 0f 11 44 24 74 0f 11
  0x00007ffd1fd2e4f6:   45 84 89 45 94 c7 44 24 30 68 00 00 00 48 8d 55
  0x00007ffd1fd2e506:   a0 49 8b ce ff 15 78 74 06 00 85 c0 74 41 48 8d
  0x00007ffd1fd2e516:   54 24 30 48 8b ce ff 15 66 74 06 00 85 c0 74 2f
  0x00007ffd1fd2e526:   48 8d 54 24 34 48 8d 4d a4 ff 15 9b 73 06 00 85
  0x00007ffd1fd2e536:   c0 74 1c 48 8d 54 24 44 48 8d 4d b4 ff 15 88 73
  0x00007ffd1fd2e546:   06 00 85 c0 74 09 8b 44 24 54 39 45 c4 74 11 ff
  0x00007ffd1fd2e556:   c7 3b 7b 0c 0f 8c 40 ff ff ff 8b 3d ca ae 06 00
  0x00007ffd1fd2e566:   48 8b cb e8 02 a0 f4 ff 90 8b c7 48 8b 4d 10 48
  0x00007ffd1fd2e576:   33 cc e8 c3 f9 00 00 4c 8d 9c 24 20 01 00 00 49
  0x00007ffd1fd2e586:   8b 5b 28 49 8b 73 30 49 8b e3 41 5e 5f 5d c3 cc
  0x00007ffd1fd2e596:   cc cc cc cc cc cc cc cc cc cc 48 8b 41 08 48 8b
  0x00007ffd1fd2e5a6:   80 18 0c 00 00 c3 cc cc cc cc 48 8b 41 08 48 05
  0x00007ffd1fd2e5b6:   00 04 00 00 c3 cc cc cc cc cc 40 53 48 83 ec 20
=>0x00007ffd1fd2e5c6:   83 79 50 00 48 8b d9 75 56 48 8b 49 28 4c 8d 44
  0x00007ffd1fd2e5d6:   24 38 48 8d 54 24 30 c7 44 24 30 00 00 80 bf c7
  0x00007ffd1fd2e5e6:   44 24 38 00 00 80 bf e8 be d7 00 00 f3 0f 10 54
  0x00007ffd1fd2e5f6:   24 30 0f 57 c0 0f 2f d0 76 25 f3 0f 10 4c 24 38
  0x00007ffd1fd2e606:   0f 2f c8 76 1a f3 0f 5e 15 19 97 02 00 f3 0f 5e
  0x00007ffd1fd2e616:   0d 11 97 02 00 f3 0f 11 53 48 f3 0f 11 4b 4c 48
  0x00007ffd1fd2e626:   83 c4 20 5b c3 cc cc cc cc cc 48 89 5c 24 10 48
  0x00007ffd1fd2e636:   89 74 24 18 48 89 7c 24 20 41 56 48 83 ec 40 48
  0x00007ffd1fd2e646:   8b d9 48 83 79 18 00 75 14 b9 28 04 00 00 e8 87
  0x00007ffd1fd2e656:   8d 00 00 48 89 43 18 c7 00 28 00 00 00 48 8b 43
  0x00007ffd1fd2e666:   18 45 33 f6 66 44 89 70 0e 48 8b 4b 28 e8 68 03
  0x00007ffd1fd2e676:   00 00 48 8b f8 ba 01 00 00 00 44 8b c2 48 8b c8
  0x00007ffd1fd2e686:   ff 15 a4 6f 06 00 48 8b f0 44 89 74 24 30 48 8b
  0x00007ffd1fd2e696:   4b 18 48 89 4c 24 28 4c 89 74 24 20 41 b9 01 00
  0x00007ffd1fd2e6a6:   00 00 45 33 c0 48 8b d0 48 8b cf ff 15 99 6e 06
  0x00007ffd1fd2e6b6:   00 48 8b 53 30 48 8b 0b 83 79 04 08 0f 8e 0f 02


Stack slot to memory mapping:

stack at sp + 0 slots: 0x0000025c7c872210 points into unknown readable memory: 0x0000025c2199ef00 | 00 ef 99 21 5c 02 00 00
stack at sp + 1 slots: 0x0000000000000001 is an unknown value
stack at sp + 2 slots: 0x0 is null
stack at sp + 3 slots: 0x0000025c7c872210 points into unknown readable memory: 0x0000025c2199ef00 | 00 ef 99 21 5c 02 00 00
stack at sp + 4 slots: 0x0000025c7c872210 points into unknown readable memory: 0x0000025c2199ef00 | 00 ef 99 21 5c 02 00 00
stack at sp + 5 slots: 0x00007ffd1fd2feb2 awt.dll
stack at sp + 6 slots: 0x00007ffd1fd8c838 awt.dll
stack at sp + 7 slots: {method} {0x0000025c22249b50} 'initNativeScale' '(I)V' in 'sun/awt/Win32GraphicsDevice'

Lock stack of current Java thread (top to bottom):

native method entry point (kind = native)  [0x0000025c0fcfcdc0, 0x0000025c0fcfd8b8]  2808 bytes
[MachCode]
  0x0000025c0fcfcdc0: 488b 4b08 | 0fb7 492e | 584c 8d74 | ccf8 6800 | 0000 0068 | 0000 0000 | 5055 488b | ec41 5548 
  0x0000025c0fcfcde0: 8b43 084c | 8d68 3848 | 8b40 0868 | 0000 0000 | 5348 8b50 | 1848 8b52 | 7048 8b12 | 5248 8b53 
  0x0000025c0fcfce00: 1048 85d2 | 7407 4881 | c2d0 0000 | 0052 488b | 5010 5249 | 8bc6 482b | c548 c1e8 | 0350 6800 
  0x0000025c0fcfce20: 0000 0068 | f7ff ffff | 41c6 87f1 | 0400 0001 | 488b 4310 | 4885 c074 | 208b 8890 | 0000 0083 
  0x0000025c0fcfce40: c102 8988 | 9000 0000 | 2388 a400 | 0000 0f84 | b209 0000 | e9cf 0000 | 0048 8b43 | 1848 85c0 
  0x0000025c0fcfce60: 0f85 b000 | 0000 e805 | 0000 00e9 | 9900 0000 | 488b d348 | 8d44 2408 | 4c89 6dc0 | 498b cfc5 
  0x0000025c0fcfce80: f877 4989 | af38 0400 | 0049 8987 | 2804 0000 | 4883 ec20 | 40f6 c40f | 0f84 1900 | 0000 4883 
  0x0000025c0fcfcea0: ec08 48b8 | e01e 1995 | fc7f 0000 | ffd0 4883 | c408 e90c | 0000 0048 | b8e0 1e19 | 95fc 7f00 
  0x0000025c0fcfcec0: 00ff d048 | 83c4 2049 | c787 2804 | 0000 0000 | 0000 49c7 | 8738 0400 | 0000 0000 | 0049 c787 
  0x0000025c0fcfcee0: 3004 0000 | 0000 0000 | c5f8 7749 | 837f 0800 | 0f84 0500 | 0000 e9e5 | 42ff ff4c | 8b6d c04c 
  0x0000025c0fcfcf00: 8b75 c84e | 8d74 f500 | c348 8b43 | 1848 85c0 | 0f84 1200 | 0000 8b48 | 0883 c102 | 8948 0823 
  0x0000025c0fcfcf20: 482c 0f84 | de08 0000 | 493b a770 | 0500 000f | 8748 0000 | 0089 8424 | 00f0 ffff | 8984 2400 
  0x0000025c0fcfcf40: e0ff ff89 | 8424 00d0 | ffff 8984 | 2400 c0ff | ff89 8424 | 00b0 ffff | 8984 2400 | a0ff ff89 
  0x0000025c0fcfcf60: 8424 0090 | ffff 8984 | 2400 80ff | ff49 3ba7 | 6805 0000 | 7607 4989 | a770 0500 | 0041 c687 
  0x0000025c0fcfcf80: f104 0000 | 0048 8b5d | e84c 8b5b | 0845 0fb7 | 5b2e 41c1 | e303 492b | e348 83ec | 2048 83e4 
  0x0000025c0fcfcfa0: f04c 8b5b | 604d 85db | 0f85 ab00 | 0000 e805 | 0000 00e9 | 9900 0000 | 488b d348 | 8d44 2408 
  0x0000025c0fcfcfc0: 4c89 6dc0 | 498b cfc5 | f877 4989 | af38 0400 | 0049 8987 | 2804 0000 | 4883 ec20 | 40f6 c40f 
  0x0000025c0fcfcfe0: 0f84 1900 | 0000 4883 | ec08 48b8 | 1048 1995 | fc7f 0000 | ffd0 4883 | c408 e90c | 0000 0048 
  0x0000025c0fcfd000: b810 4819 | 95fc 7f00 | 00ff d048 | 83c4 2049 | c787 2804 | 0000 0000 | 0000 49c7 | 8738 0400 
  0x0000025c0fcfd020: 0000 0000 | 0049 c787 | 3004 0000 | 0000 0000 | c5f8 7749 | 837f 0800 | 0f84 0500 | 0000 e99d 
  0x0000025c0fcfd040: 41ff ff4c | 8b6d c04c | 8b75 c84e | 8d74 f500 | c348 8b5d | e84c 8b5b | 6041 ffd3 | 488b 5de8 
  0x0000025c0fcfd060: 4889 4518 | 440f b75b | 2c41 f6c3 | 080f 841b | 0000 004c | 8b5b 084d | 8b5b 084d | 8b5b 184d 
  0x0000025c0fcfd080: 8b5b 704d | 8b1b 4c89 | 5d10 488d | 5510 488b | 4358 49ba | 800e 5495 | fc7f 0000 | 493b c20f 
  0x0000025c0fcfd0a0: 85ab 0000 | 00e8 0500 | 0000 e999 | 0000 0048 | 8bd3 488d | 4424 084c | 896d c049 | 8bcf c5f8 
  0x0000025c0fcfd0c0: 7749 89af | 3804 0000 | 4989 8728 | 0400 0048 | 83ec 2040 | f6c4 0f0f | 8419 0000 | 0048 83ec 
  0x0000025c0fcfd0e0: 0848 b810 | 4819 95fc | 7f00 00ff | d048 83c4 | 08e9 0c00 | 0000 48b8 | 1048 1995 | fc7f 0000 
  0x0000025c0fcfd100: ffd0 4883 | c420 49c7 | 8728 0400 | 0000 0000 | 0049 c787 | 3804 0000 | 0000 0000 | 49c7 8730 
  0x0000025c0fcfd120: 0400 0000 | 0000 00c5 | f877 4983 | 7f08 000f | 8405 0000 | 00e9 a640 | ffff 4c8b | 6dc0 4c8b 
  0x0000025c0fcfd140: 75c8 4e8d | 74f5 00c3 | 488b 5de8 | 488b 4358 | 498d 8f48 | 0400 004c | 8d15 d500 | 0000 4d89 
  0x0000025c0fcfd160: 9730 0400 | 00c5 f877 | 4989 af38 | 0400 0049 | 89a7 2804 | 0000 41c7 | 87d4 0400 | 0004 0000 
  0x0000025c0fcfd180: 0049 3ba7 | c805 0000 | 7607 4989 | a7c8 0500 | 00ff d049 | 3ba7 c805 | 0000 720b | 49c7 87c8 
  0x0000025c0fcfd1a0: 0500 0000 | 0000 00c5 | f877 4883 | ec10 c5fb | 1104 2448 | 83ec 1048 | 8904 2448 | c744 2408 
  0x0000025c0fcfd1c0: 0000 0000 | 41c7 87d4 | 0400 0005 | 0000 00f0 | 8344 24c0 | 0049 3b6f | 280f 870e | 0000 0041 
  0x0000025c0fcfd1e0: 83bf d004 | 0000 000f | 8420 0000 | 0049 8bcf | 4c8b e448 | 83ec 2048 | 83e4 f048 | b840 ac1a 
  0x0000025c0fcfd200: 95fc 7f00 | 00ff d049 | 8be4 4d33 | e441 c787 | d404 0000 | 0800 0000 | 4d8b 97f0 | 0500 0049 
  0x0000025c0fcfd220: 83fa 0074 | 3549 c787 | f005 0000 | 0000 0000 | 41ff e249 | ba60 becf | 0f5c 0200 | 0041 ffd2 
  0x0000025c0fcfd240: 4883 ec10 | c5fb 1104 | 2448 83ec | 1048 8904 | 2448 c744 | 2408 0000 | 0000 49c7 | 8728 0400 
  0x0000025c0fcfd260: 0000 0000 | 0049 c787 | 3804 0000 | 0000 0000 | 49c7 8730 | 0400 0000 | 0000 00c5 | f877 4d8b 
  0x0000025c0fcfd280: 9fb8 0400 | 0041 c783 | 0001 0000 | 0000 0000 | 49bb 5aa7 | cf0f 5c02 | 0000 4c3b | 5d18 0f85 
  0x0000025c0fcfd2a0: 5501 0000 | 488b 0424 | 4883 c410 | 4885 c00f | 842f 0100 | 00a8 030f | 8508 0000 | 0048 8b00 
  0x0000025c0fcfd2c0: e91f 0100 | 00a8 010f | 8509 0000 | 0048 8b40 | fee9 0e01 | 0000 488b | 40ff 4180 | 7f48 000f 
  0x0000025c0fcfd2e0: 84ff 0000 | 0048 83f8 | 000f 84f5 | 0000 004d | 8b5f 384d | 85db 0f84 | 1400 0000 | 4983 eb08 
  0x0000025c0fcfd300: 4d89 5f38 | 4d03 5f40 | 4989 03e9 | d400 0000 | 4883 ec70 | 4889 0424 | 4889 4c24 | 0848 8954 
  0x0000025c0fcfd320: 2410 4c89 | 4424 184c | 894c 2420 | 4c89 5424 | 284c 895c | 2430 c5fb | 1144 2440 | c5fb 114c 
  0x0000025c0fcfd340: 2448 c5fb | 1154 2450 | c5fb 115c | 2458 c5fb | 1164 2460 | c5fb 116c | 2468 498b | d748 8bc8 
  0x0000025c0fcfd360: 4883 ec20 | 40f6 c40f | 0f84 1900 | 0000 4883 | ec08 48b8 | 2076 0d95 | fc7f 0000 | ffd0 4883 
  0x0000025c0fcfd380: c408 e90c | 0000 0048 | b820 760d | 95fc 7f00 | 00ff d048 | 83c4 20c5 | fb10 6c24 | 68c5 fb10 
  0x0000025c0fcfd3a0: 6424 60c5 | fb10 5c24 | 58c5 fb10 | 5424 50c5 | fb10 4c24 | 48c5 fb10 | 4424 404c | 8b5c 2430 
  0x0000025c0fcfd3c0: 4c8b 5424 | 284c 8b4c | 2420 4c8b | 4424 1848 | 8b54 2410 | 488b 4c24 | 0848 8b04 | 2448 83c4 
  0x0000025c0fcfd3e0: 70c5 f877 | 4889 4510 | 4883 ec10 | 4889 0424 | 48c7 4424 | 0800 0000 | 0041 83bf | 5005 0000 
  0x0000025c0fcfd400: 020f 85bf | 0000 0048 | 81ec 8000 | 0000 4889 | 4424 7848 | 894c 2470 | 4889 5424 | 6848 895c 
  0x0000025c0fcfd420: 2460 4889 | 6c24 5048 | 8974 2448 | 4889 7c24 | 404c 8944 | 2438 4c89 | 4c24 304c | 8954 2428 
  0x0000025c0fcfd440: 4c89 5c24 | 204c 8964 | 2418 4c89 | 6c24 104c | 8974 2408 | 4c89 3c24 | 4c8b e448 | 83ec 2048 
  0x0000025c0fcfd460: 83e4 f048 | b8f0 f553 | 95fc 7f00 | 00ff d049 | 8be4 4c8b | 3c24 4c8b | 7424 084c | 8b6c 2410 
  0x0000025c0fcfd480: 4c8b 6424 | 184c 8b5c | 2420 4c8b | 5424 284c | 8b4c 2430 | 4c8b 4424 | 3848 8b7c | 2440 488b 
  0x0000025c0fcfd4a0: 7424 4848 | 8b6c 2450 | 488b 5c24 | 6048 8b54 | 2468 488b | 4c24 7048 | 8b44 2478 | 4881 c480 
  0x0000025c0fcfd4c0: 0000 004d | 33e4 488b | 5de8 4c8b | 6b08 4d8d | 6d38 4983 | 7f08 000f | 84bb 0000 | 00e8 0500 
  0x0000025c0fcfd4e0: 0000 e996 | 0000 0048 | 8d44 2408 | 4c89 6dc0 | 498b cfc5 | f877 4989 | af38 0400 | 0049 8987 
  0x0000025c0fcfd500: 2804 0000 | 4883 ec20 | 40f6 c40f | 0f84 1900 | 0000 4883 | ec08 48b8 | 5066 1995 | fc7f 0000 
  0x0000025c0fcfd520: ffd0 4883 | c408 e90c | 0000 0048 | b850 6619 | 95fc 7f00 | 00ff d048 | 83c4 2049 | c787 2804 
  0x0000025c0fcfd540: 0000 0000 | 0000 49c7 | 8738 0400 | 0000 0000 | 0049 c787 | 3004 0000 | 0000 0000 | c5f8 7749 
  0x0000025c0fcfd560: 837f 0800 | 0f84 0500 | 0000 e971 | 3cff ff4c | 8b6d c04c | 8b75 c84e | 8d74 f500 | c348 b938 
  0x0000025c0fcfd580: 087d 95fc | 7f00 0048 | 83e4 f048 | b850 8c40 | 95fc 7f00 | 00ff d0f4 | 440f b75b | 2c41 f6c3 
  0x0000025c0fcfd5a0: 200f 8472 | 0100 0048 | 8d55 a84c | 8b5a 084d | 85db 0f85 | bb00 0000 | e805 0000 | 00e9 9600 
  0x0000025c0fcfd5c0: 0000 488d | 4424 084c | 896d c049 | 8bcf c5f8 | 7749 89af | 3804 0000 | 4989 8728 | 0400 0048 
  0x0000025c0fcfd5e0: 83ec 2040 | f6c4 0f0f | 8419 0000 | 0048 83ec | 0848 b880 | 6519 95fc | 7f00 00ff | d048 83c4 
  0x0000025c0fcfd600: 08e9 0c00 | 0000 48b8 | 8065 1995 | fc7f 0000 | ffd0 4883 | c420 49c7 | 8728 0400 | 0000 0000 
  0x0000025c0fcfd620: 0049 c787 | 3804 0000 | 0000 0000 | 49c7 8730 | 0400 0000 | 0000 00c5 | f877 4983 | 7f08 000f 
  0x0000025c0fcfd640: 8405 0000 | 00e9 963b | ffff 4c8b | 6dc0 4c8b | 75c8 4e8d | 74f5 00c3 | 48b9 3808 | 7d95 fc7f 
  0x0000025c0fcfd660: 0000 4883 | e4f0 48b8 | 508c 4095 | fc7f 0000 | ffd0 f44c | 896d c04c | 8b4a 0848 | c742 0800 
  0x0000025c0fcfd680: 0000 0045 | 8b87 d806 | 0000 4f3b | 4c07 f80f | 8542 0000 | 0041 83af | d806 0000 | 084f 3b4c 
  0x0000025c0fcfd6a0: 07f0 0f84 | 2a00 0000 | 498b 01a8 | 020f 8512 | 0000 004c | 8bc0 4983 | c801 f04d | 0fb1 010f 
  0x0000025c0fcfd6c0: 840d 0000 | 0041 8387 | d806 0000 | 08e9 0500 | 0000 e93e | 0000 004c | 894a 0848 | 8bca 4883 
  0x0000025c0fcfd6e0: ec20 40f6 | c40f 0f84 | 1900 0000 | 4883 ec08 | 48b8 d037 | 1995 fc7f | 0000 ffd0 | 4883 c408 
  0x0000025c0fcfd700: e90c 0000 | 0048 b8d0 | 3719 95fc | 7f00 00ff | d048 83c4 | 204c 8b6d | c041 c687 | 9603 0000 
  0x0000025c0fcfd720: 0149 3b6f | 280f 8705 | 0000 00e9 | ab00 0000 | 4883 ec10 | c5fb 1104 | 2448 83ec | 1048 8904 
  0x0000025c0fcfd740: 2448 c744 | 2408 0000 | 0000 c5f8 | 7749 89af | 3804 0000 | 49ba 4ad7 | cf0f 5c02 | 0000 4d89 
  0x0000025c0fcfd760: 9730 0400 | 0049 89a7 | 2804 0000 | 498b cf48 | 83ec 2040 | f6c4 0f0f | 8419 0000 | 0048 83ec 
  0x0000025c0fcfd780: 0848 b870 | 1e19 95fc | 7f00 00ff | d048 83c4 | 08e9 0c00 | 0000 48b8 | 701e 1995 | fc7f 0000 
  0x0000025c0fcfd7a0: ffd0 4883 | c420 49c7 | 8728 0400 | 0000 0000 | 0049 c787 | 3804 0000 | 0000 0000 | 49c7 8730 
  0x0000025c0fcfd7c0: 0400 0000 | 0000 00c5 | f877 488b | 0424 4883 | c410 c5fb | 1004 2448 | 83c4 1048 | 8b04 2448 
  0x0000025c0fcfd7e0: 83c4 10c5 | fb10 0424 | 4883 c410 | 4c8b 5d18 | 41ff d34c | 8b5d f8c9 | 41c6 8796 | 0300 0000 
  0x0000025c0fcfd800: 5f49 8be3 | ffe7 ba00 | 0000 00e8 | 0500 0000 | e996 0000 | 0048 8d44 | 2408 4c89 | 6dc0 498b 
  0x0000025c0fcfd820: cfc5 f877 | 4989 af38 | 0400 0049 | 8987 2804 | 0000 4883 | ec20 40f6 | c40f 0f84 | 1900 0000 
  0x0000025c0fcfd840: 4883 ec08 | 48b8 c02d | 1995 fc7f | 0000 ffd0 | 4883 c408 | e90c 0000 | 0048 b8c0 | 2d19 95fc 
  0x0000025c0fcfd860: 7f00 00ff | d048 83c4 | 2049 c787 | 2804 0000 | 0000 0000 | 49c7 8738 | 0400 0000 | 0000 0049 
  0x0000025c0fcfd880: c787 3004 | 0000 0000 | 0000 c5f8 | 7749 837f | 0800 0f84 | 0500 0000 | e943 39ff | ff4c 8b6d 
  0x0000025c0fcfd8a0: c04c 8b75 | c84e 8d74 | f500 c348 | 8b5d e8e9 | 74f6 ffff | 0f1f 4000 
[/MachCode]

---------------  P R O C E S S  ---------------

Threads class SMR info:
_java_thread_list=0x0000025c26c8da50, length=21, elements={
0x0000025c7c865d20, 0x0000025c7efb9e40, 0x0000025c7efba8a0, 0x0000025c7efbd130,
0x0000025c7efbdcf0, 0x0000025c7efbf420, 0x0000025c7efc31b0, 0x0000025c7efc0fb0,
0x0000025c7efebd90, 0x0000025c21663210, 0x0000025c2166aee0, 0x0000025c26684df0,
0x0000025c26685950, 0x0000025c26686520, 0x0000025c263ebba0, 0x0000025c26b3a610,
0x0000025c26b3add0, 0x0000025c26ae2be0, 0x0000025c26aedac0, 0x0000025c26aebb80,
0x0000025c26aef230
}

Java Threads: ( => current thread )
  0x0000025c7c865d20 JavaThread "main"                              [_thread_blocked, id=34328, stack(0x0000009672c00000,0x0000009672d00000) (1024K)]
  0x0000025c7efb9e40 JavaThread "Reference Handler"          daemon [_thread_blocked, id=31648, stack(0x0000009673400000,0x0000009673500000) (1024K)]
  0x0000025c7efba8a0 JavaThread "Finalizer"                  daemon [_thread_blocked, id=38960, stack(0x0000009673500000,0x0000009673600000) (1024K)]
  0x0000025c7efbd130 JavaThread "Signal Dispatcher"          daemon [_thread_blocked, id=11700, stack(0x0000009673600000,0x0000009673700000) (1024K)]
  0x0000025c7efbdcf0 JavaThread "Attach Listener"            daemon [_thread_blocked, id=39020, stack(0x0000009673700000,0x0000009673800000) (1024K)]
  0x0000025c7efbf420 JavaThread "Service Thread"             daemon [_thread_blocked, id=3880, stack(0x0000009673800000,0x0000009673900000) (1024K)]
  0x0000025c7efc31b0 JavaThread "Monitor Deflation Thread"   daemon [_thread_blocked, id=19868, stack(0x0000009673900000,0x0000009673a00000) (1024K)]
  0x0000025c7efc0fb0 JavaThread "C2 CompilerThread0"         daemon [_thread_blocked, id=31924, stack(0x0000009673a00000,0x0000009673b00000) (1024K)]
  0x0000025c7efebd90 JavaThread "C1 CompilerThread0"         daemon [_thread_blocked, id=37160, stack(0x0000009673b00000,0x0000009673c00000) (1024K)]
  0x0000025c21663210 JavaThread "Notification Thread"        daemon [_thread_blocked, id=21032, stack(0x0000009673c00000,0x0000009673d00000) (1024K)]
  0x0000025c2166aee0 JavaThread "Common-Cleaner"             daemon [_thread_blocked, id=21792, stack(0x0000009673d00000,0x0000009673e00000) (1024K)]
  0x0000025c26684df0 JavaThread "Java2D Disposer"            daemon [_thread_blocked, id=38872, stack(0x0000009674000000,0x0000009674100000) (1024K)]
  0x0000025c26685950 JavaThread "AWT-Shutdown"                      [_thread_blocked, id=24644, stack(0x0000009674100000,0x0000009674200000) (1024K)]
  0x0000025c26686520 JavaThread "AWT-Windows"                daemon [_thread_in_native, id=22132, stack(0x0000009674200000,0x0000009674300000) (1024K)]
=>0x0000025c263ebba0 JavaThread "AWT-EventQueue-0"                  [_thread_in_native, id=34132, stack(0x0000009674300000,0x0000009674400000) (1024K)]
  0x0000025c26b3a610 JavaThread "DefaultDispatcher-worker-1" daemon [_thread_blocked, id=18888, stack(0x0000009674400000,0x0000009674500000) (1024K)]
  0x0000025c26b3add0 JavaThread "DefaultDispatcher-worker-2" daemon [_thread_blocked, id=39928, stack(0x0000009674500000,0x0000009674600000) (1024K)]
  0x0000025c26ae2be0 JavaThread "DefaultDispatcher-worker-3" daemon [_thread_blocked, id=12160, stack(0x0000009674600000,0x0000009674700000) (1024K)]
  0x0000025c26aedac0 JavaThread "kotlinx.coroutines.DefaultExecutor" daemon [_thread_blocked, id=38624, stack(0x0000009674700000,0x0000009674800000) (1024K)]
  0x0000025c26aebb80 JavaThread "Reference Cleaner"          daemon [_thread_blocked, id=36808, stack(0x0000009674800000,0x0000009674900000) (1024K)]
  0x0000025c26aef230 JavaThread "TimerQueue"                 daemon [_thread_blocked, id=840, stack(0x0000009674900000,0x0000009674a00000) (1024K)]
Total: 21

Other Threads:
  0x0000025c7efa5440 VMThread "VM Thread"                           [id=8932, stack(0x0000009673300000,0x0000009673400000) (1024K)]
  0x0000025c7ef941a0 WatcherThread "VM Periodic Task Thread"        [id=20868, stack(0x0000009673200000,0x0000009673300000) (1024K)]
  0x0000025c7c910c50 WorkerThread "GC Thread#0"                     [id=27544, stack(0x0000009672d00000,0x0000009672e00000) (1024K)]
  0x0000025c26114b50 WorkerThread "GC Thread#1"                     [id=24908, stack(0x0000009674a00000,0x0000009674b00000) (1024K)]
  0x0000025c26113170 WorkerThread "GC Thread#2"                     [id=25748, stack(0x0000009674b00000,0x0000009674c00000) (1024K)]
  0x0000025c261135c0 WorkerThread "GC Thread#3"                     [id=24200, stack(0x0000009674c00000,0x0000009674d00000) (1024K)]
  0x0000025c26115c90 WorkerThread "GC Thread#4"                     [id=25544, stack(0x0000009674d00000,0x0000009674e00000) (1024K)]
  0x0000025c26113e60 WorkerThread "GC Thread#5"                     [id=19596, stack(0x0000009674e00000,0x0000009674f00000) (1024K)]
  0x0000025c26c86d60 WorkerThread "GC Thread#6"                     [id=31304, stack(0x0000009674f00000,0x0000009675000000) (1024K)]
  0x0000025c26c882f0 WorkerThread "GC Thread#7"                     [id=36292, stack(0x0000009675000000,0x0000009675100000) (1024K)]
  0x0000025c26c87ea0 WorkerThread "GC Thread#8"                     [id=9380, stack(0x0000009675100000,0x0000009675200000) (1024K)]
  0x0000025c26c85c20 WorkerThread "GC Thread#9"                     [id=33764, stack(0x0000009675200000,0x0000009675300000) (1024K)]
  0x0000025c7edfbd50 ConcurrentGCThread "G1 Main Marker"            [id=21120, stack(0x0000009672e00000,0x0000009672f00000) (1024K)]
  0x0000025c7edfc8f0 WorkerThread "G1 Conc#0"                       [id=19860, stack(0x0000009672f00000,0x0000009673000000) (1024K)]
  0x0000025c7ee5dcf0 ConcurrentGCThread "G1 Refine#0"               [id=17676, stack(0x0000009673000000,0x0000009673100000) (1024K)]
  0x0000025c7ee60910 ConcurrentGCThread "G1 Service"                [id=11668, stack(0x0000009673100000,0x0000009673200000) (1024K)]
Total: 16

Threads with active compile tasks:
Total: 0

VM state: not at safepoint (normal execution)

VM Mutex/Monitor currently owned by a thread: None

Heap address: 0x0000000608c00000, size: 8052 MB, Compressed Oops mode: Zero based, Oop shift amount: 3

CDS archive(s) mapped at: [0x000000002e000000-0x000000002edd0000-0x000000002edd0000), size 14483456, SharedBaseAddress: 0x000000002e000000, ArchiveRelocationMode: 1.
Compressed class space mapped at: 0x000000002f000000-0x000000006f000000, reserved size: 1073741824
UseCompressedClassPointers 1, UseCompactObjectHeaders 0
Narrow klass pointer bits 32, Max shift 3
Narrow klass base: 0x000000002e000000, Narrow klass shift: 0
Encoding Range: [0x000000002e000000 - 0x000000012e000000), (4294967296 bytes)
Klass Range:    [0x000000002e010000 - 0x000000006f000000), (1090453504 bytes)
Klass ID Range:  [65536 - 1090519033) (1090453497)
Protection zone: [0x000000002e000000 - 0x000000002e010000), (65536 bytes)

GC Precious Log:
 CardTable entry size: 512
 Card Set container configuration: InlinePtr #cards 4 size 8 Array Of Cards #cards 32 size 80 Howl #buckets 8 coarsen threshold 7372 Howl Bitmap #cards 1024 size 144 coarsen threshold 921 Card regions per heap region 1 cards per card region 8192
 CPUs: 12 total, 12 available
 Memory: 32195M
 Large Page Support: Disabled
 NUMA Support: Disabled
 Compressed Oops: Enabled (Zero based)
 Heap Region Size: 4M
 Heap Min Capacity: 8M
 Heap Initial Capacity: 504M
 Heap Max Capacity: 8052M
 Pre-touch: Disabled
 Parallel Workers: 10
 Concurrent Workers: 3
 Concurrent Refinement Workers: 10
 Periodic GC: Disabled

Heap:
 garbage-first heap   total reserved 8245248K, committed 520192K, used 25243K [0x0000000608c00000, 0x0000000800000000)
  region size 4096K, 6 young (24576K), 1 survivors (4096K)

Heap Regions: E=young(eden), S=young(survivor), O=old, HS=humongous(starts), HC=humongous(continues), CS=collection set, F=free, TAMS=top-at-mark-start, PB=parsable bottom
|   0|0x0000000608c00000, 0x0000000609000000, 0x0000000609000000|100%|HS|  |TAMS 0x0000000608c00000| PB 0x0000000608c00000| Complete |  0
|   1|0x0000000609000000, 0x0000000609000000, 0x0000000609400000|  0%| F|  |TAMS 0x0000000609000000| PB 0x0000000609000000| Untracked |  0
|   2|0x0000000609400000, 0x0000000609400000, 0x0000000609800000|  0%| F|  |TAMS 0x0000000609400000| PB 0x0000000609400000| Untracked |  0
|   3|0x0000000609800000, 0x0000000609800000, 0x0000000609c00000|  0%| F|  |TAMS 0x0000000609800000| PB 0x0000000609800000| Untracked |  0
|   4|0x0000000609c00000, 0x0000000609c00000, 0x000000060a000000|  0%| F|  |TAMS 0x0000000609c00000| PB 0x0000000609c00000| Untracked |  0
|   5|0x000000060a000000, 0x000000060a000000, 0x000000060a400000|  0%| F|  |TAMS 0x000000060a000000| PB 0x000000060a000000| Untracked |  0
|   6|0x000000060a400000, 0x000000060a400000, 0x000000060a800000|  0%| F|  |TAMS 0x000000060a400000| PB 0x000000060a400000| Untracked |  0
|   7|0x000000060a800000, 0x000000060a800000, 0x000000060ac00000|  0%| F|  |TAMS 0x000000060a800000| PB 0x000000060a800000| Untracked |  0
|   8|0x000000060ac00000, 0x000000060ac00000, 0x000000060b000000|  0%| F|  |TAMS 0x000000060ac00000| PB 0x000000060ac00000| Untracked |  0
|   9|0x000000060b000000, 0x000000060b000000, 0x000000060b400000|  0%| F|  |TAMS 0x000000060b000000| PB 0x000000060b000000| Untracked |  0
|  10|0x000000060b400000, 0x000000060b400000, 0x000000060b800000|  0%| F|  |TAMS 0x000000060b400000| PB 0x000000060b400000| Untracked |  0
|  11|0x000000060b800000, 0x000000060b800000, 0x000000060bc00000|  0%| F|  |TAMS 0x000000060b800000| PB 0x000000060b800000| Untracked |  0
|  12|0x000000060bc00000, 0x000000060bc00000, 0x000000060c000000|  0%| F|  |TAMS 0x000000060bc00000| PB 0x000000060bc00000| Untracked |  0
|  13|0x000000060c000000, 0x000000060c000000, 0x000000060c400000|  0%| F|  |TAMS 0x000000060c000000| PB 0x000000060c000000| Untracked |  0
|  14|0x000000060c400000, 0x000000060c400000, 0x000000060c800000|  0%| F|  |TAMS 0x000000060c400000| PB 0x000000060c400000| Untracked |  0
|  15|0x000000060c800000, 0x000000060c800000, 0x000000060cc00000|  0%| F|  |TAMS 0x000000060c800000| PB 0x000000060c800000| Untracked |  0
|  16|0x000000060cc00000, 0x000000060cc00000, 0x000000060d000000|  0%| F|  |TAMS 0x000000060cc00000| PB 0x000000060cc00000| Untracked |  0
|  17|0x000000060d000000, 0x000000060d000000, 0x000000060d400000|  0%| F|  |TAMS 0x000000060d000000| PB 0x000000060d000000| Untracked |  0
|  18|0x000000060d400000, 0x000000060d400000, 0x000000060d800000|  0%| F|  |TAMS 0x000000060d400000| PB 0x000000060d400000| Untracked |  0
|  19|0x000000060d800000, 0x000000060d800000, 0x000000060dc00000|  0%| F|  |TAMS 0x000000060d800000| PB 0x000000060d800000| Untracked |  0
|  20|0x000000060dc00000, 0x000000060dc00000, 0x000000060e000000|  0%| F|  |TAMS 0x000000060dc00000| PB 0x000000060dc00000| Untracked |  0
|  21|0x000000060e000000, 0x000000060e000000, 0x000000060e400000|  0%| F|  |TAMS 0x000000060e000000| PB 0x000000060e000000| Untracked |  0
|  22|0x000000060e400000, 0x000000060e400000, 0x000000060e800000|  0%| F|  |TAMS 0x000000060e400000| PB 0x000000060e400000| Untracked |  0
|  23|0x000000060e800000, 0x000000060e800000, 0x000000060ec00000|  0%| F|  |TAMS 0x000000060e800000| PB 0x000000060e800000| Untracked |  0
|  24|0x000000060ec00000, 0x000000060ec00000, 0x000000060f000000|  0%| F|  |TAMS 0x000000060ec00000| PB 0x000000060ec00000| Untracked |  0
|  25|0x000000060f000000, 0x000000060f000000, 0x000000060f400000|  0%| F|  |TAMS 0x000000060f000000| PB 0x000000060f000000| Untracked |  0
|  26|0x000000060f400000, 0x000000060f400000, 0x000000060f800000|  0%| F|  |TAMS 0x000000060f400000| PB 0x000000060f400000| Untracked |  0
|  27|0x000000060f800000, 0x000000060f800000, 0x000000060fc00000|  0%| F|  |TAMS 0x000000060f800000| PB 0x000000060f800000| Untracked |  0
|  28|0x000000060fc00000, 0x000000060fc00000, 0x0000000610000000|  0%| F|  |TAMS 0x000000060fc00000| PB 0x000000060fc00000| Untracked |  0
|  29|0x0000000610000000, 0x0000000610000000, 0x0000000610400000|  0%| F|  |TAMS 0x0000000610000000| PB 0x0000000610000000| Untracked |  0
|  30|0x0000000610400000, 0x0000000610400000, 0x0000000610800000|  0%| F|  |TAMS 0x0000000610400000| PB 0x0000000610400000| Untracked |  0
|  31|0x0000000610800000, 0x0000000610800000, 0x0000000610c00000|  0%| F|  |TAMS 0x0000000610800000| PB 0x0000000610800000| Untracked |  0
|  32|0x0000000610c00000, 0x0000000610c00000, 0x0000000611000000|  0%| F|  |TAMS 0x0000000610c00000| PB 0x0000000610c00000| Untracked |  0
|  33|0x0000000611000000, 0x0000000611000000, 0x0000000611400000|  0%| F|  |TAMS 0x0000000611000000| PB 0x0000000611000000| Untracked |  0
|  34|0x0000000611400000, 0x0000000611400000, 0x0000000611800000|  0%| F|  |TAMS 0x0000000611400000| PB 0x0000000611400000| Untracked |  0
|  35|0x0000000611800000, 0x0000000611800000, 0x0000000611c00000|  0%| F|  |TAMS 0x0000000611800000| PB 0x0000000611800000| Untracked |  0
|  36|0x0000000611c00000, 0x0000000611c00000, 0x0000000612000000|  0%| F|  |TAMS 0x0000000611c00000| PB 0x0000000611c00000| Untracked |  0
|  37|0x0000000612000000, 0x0000000612000000, 0x0000000612400000|  0%| F|  |TAMS 0x0000000612000000| PB 0x0000000612000000| Untracked |  0
|  38|0x0000000612400000, 0x0000000612400000, 0x0000000612800000|  0%| F|  |TAMS 0x0000000612400000| PB 0x0000000612400000| Untracked |  0
|  39|0x0000000612800000, 0x0000000612800000, 0x0000000612c00000|  0%| F|  |TAMS 0x0000000612800000| PB 0x0000000612800000| Untracked |  0
|  40|0x0000000612c00000, 0x0000000612c00000, 0x0000000613000000|  0%| F|  |TAMS 0x0000000612c00000| PB 0x0000000612c00000| Untracked |  0
|  41|0x0000000613000000, 0x0000000613000000, 0x0000000613400000|  0%| F|  |TAMS 0x0000000613000000| PB 0x0000000613000000| Untracked |  0
|  42|0x0000000613400000, 0x0000000613400000, 0x0000000613800000|  0%| F|  |TAMS 0x0000000613400000| PB 0x0000000613400000| Untracked |  0
|  43|0x0000000613800000, 0x0000000613800000, 0x0000000613c00000|  0%| F|  |TAMS 0x0000000613800000| PB 0x0000000613800000| Untracked |  0
|  44|0x0000000613c00000, 0x0000000613c00000, 0x0000000614000000|  0%| F|  |TAMS 0x0000000613c00000| PB 0x0000000613c00000| Untracked |  0
|  45|0x0000000614000000, 0x0000000614000000, 0x0000000614400000|  0%| F|  |TAMS 0x0000000614000000| PB 0x0000000614000000| Untracked |  0
|  46|0x0000000614400000, 0x0000000614400000, 0x0000000614800000|  0%| F|  |TAMS 0x0000000614400000| PB 0x0000000614400000| Untracked |  0
|  47|0x0000000614800000, 0x0000000614800000, 0x0000000614c00000|  0%| F|  |TAMS 0x0000000614800000| PB 0x0000000614800000| Untracked |  0
|  48|0x0000000614c00000, 0x0000000614c00000, 0x0000000615000000|  0%| F|  |TAMS 0x0000000614c00000| PB 0x0000000614c00000| Untracked |  0
|  49|0x0000000615000000, 0x0000000615000000, 0x0000000615400000|  0%| F|  |TAMS 0x0000000615000000| PB 0x0000000615000000| Untracked |  0
|  50|0x0000000615400000, 0x0000000615400000, 0x0000000615800000|  0%| F|  |TAMS 0x0000000615400000| PB 0x0000000615400000| Untracked |  0
|  51|0x0000000615800000, 0x0000000615800000, 0x0000000615c00000|  0%| F|  |TAMS 0x0000000615800000| PB 0x0000000615800000| Untracked |  0
|  52|0x0000000615c00000, 0x0000000615c00000, 0x0000000616000000|  0%| F|  |TAMS 0x0000000615c00000| PB 0x0000000615c00000| Untracked |  0
|  53|0x0000000616000000, 0x0000000616000000, 0x0000000616400000|  0%| F|  |TAMS 0x0000000616000000| PB 0x0000000616000000| Untracked |  0
|  54|0x0000000616400000, 0x0000000616400000, 0x0000000616800000|  0%| F|  |TAMS 0x0000000616400000| PB 0x0000000616400000| Untracked |  0
|  55|0x0000000616800000, 0x0000000616800000, 0x0000000616c00000|  0%| F|  |TAMS 0x0000000616800000| PB 0x0000000616800000| Untracked |  0
|  56|0x0000000616c00000, 0x0000000616c00000, 0x0000000617000000|  0%| F|  |TAMS 0x0000000616c00000| PB 0x0000000616c00000| Untracked |  0
|  57|0x0000000617000000, 0x0000000617000000, 0x0000000617400000|  0%| F|  |TAMS 0x0000000617000000| PB 0x0000000617000000| Untracked |  0
|  58|0x0000000617400000, 0x0000000617400000, 0x0000000617800000|  0%| F|  |TAMS 0x0000000617400000| PB 0x0000000617400000| Untracked |  0
|  59|0x0000000617800000, 0x0000000617800000, 0x0000000617c00000|  0%| F|  |TAMS 0x0000000617800000| PB 0x0000000617800000| Untracked |  0
|  60|0x0000000617c00000, 0x0000000617c00000, 0x0000000618000000|  0%| F|  |TAMS 0x0000000617c00000| PB 0x0000000617c00000| Untracked |  0
|  61|0x0000000618000000, 0x0000000618000000, 0x0000000618400000|  0%| F|  |TAMS 0x0000000618000000| PB 0x0000000618000000| Untracked |  0
|  62|0x0000000618400000, 0x0000000618400000, 0x0000000618800000|  0%| F|  |TAMS 0x0000000618400000| PB 0x0000000618400000| Untracked |  0
|  63|0x0000000618800000, 0x0000000618800000, 0x0000000618c00000|  0%| F|  |TAMS 0x0000000618800000| PB 0x0000000618800000| Untracked |  0
|  64|0x0000000618c00000, 0x0000000618c00000, 0x0000000619000000|  0%| F|  |TAMS 0x0000000618c00000| PB 0x0000000618c00000| Untracked |  0
|  65|0x0000000619000000, 0x0000000619000000, 0x0000000619400000|  0%| F|  |TAMS 0x0000000619000000| PB 0x0000000619000000| Untracked |  0
|  66|0x0000000619400000, 0x0000000619400000, 0x0000000619800000|  0%| F|  |TAMS 0x0000000619400000| PB 0x0000000619400000| Untracked |  0
|  67|0x0000000619800000, 0x0000000619800000, 0x0000000619c00000|  0%| F|  |TAMS 0x0000000619800000| PB 0x0000000619800000| Untracked |  0
|  68|0x0000000619c00000, 0x0000000619c00000, 0x000000061a000000|  0%| F|  |TAMS 0x0000000619c00000| PB 0x0000000619c00000| Untracked |  0
|  69|0x000000061a000000, 0x000000061a000000, 0x000000061a400000|  0%| F|  |TAMS 0x000000061a000000| PB 0x000000061a000000| Untracked |  0
|  70|0x000000061a400000, 0x000000061a400000, 0x000000061a800000|  0%| F|  |TAMS 0x000000061a400000| PB 0x000000061a400000| Untracked |  0
|  71|0x000000061a800000, 0x000000061a800000, 0x000000061ac00000|  0%| F|  |TAMS 0x000000061a800000| PB 0x000000061a800000| Untracked |  0
|  72|0x000000061ac00000, 0x000000061ac00000, 0x000000061b000000|  0%| F|  |TAMS 0x000000061ac00000| PB 0x000000061ac00000| Untracked |  0
|  73|0x000000061b000000, 0x000000061b000000, 0x000000061b400000|  0%| F|  |TAMS 0x000000061b000000| PB 0x000000061b000000| Untracked |  0
|  74|0x000000061b400000, 0x000000061b400000, 0x000000061b800000|  0%| F|  |TAMS 0x000000061b400000| PB 0x000000061b400000| Untracked |  0
|  75|0x000000061b800000, 0x000000061b800000, 0x000000061bc00000|  0%| F|  |TAMS 0x000000061b800000| PB 0x000000061b800000| Untracked |  0
|  76|0x000000061bc00000, 0x000000061bc00000, 0x000000061c000000|  0%| F|  |TAMS 0x000000061bc00000| PB 0x000000061bc00000| Untracked |  0
|  77|0x000000061c000000, 0x000000061c000000, 0x000000061c400000|  0%| F|  |TAMS 0x000000061c000000| PB 0x000000061c000000| Untracked |  0
|  78|0x000000061c400000, 0x000000061c400000, 0x000000061c800000|  0%| F|  |TAMS 0x000000061c400000| PB 0x000000061c400000| Untracked |  0
|  79|0x000000061c800000, 0x000000061c800000, 0x000000061cc00000|  0%| F|  |TAMS 0x000000061c800000| PB 0x000000061c800000| Untracked |  0
|  80|0x000000061cc00000, 0x000000061cc00000, 0x000000061d000000|  0%| F|  |TAMS 0x000000061cc00000| PB 0x000000061cc00000| Untracked |  0
|  81|0x000000061d000000, 0x000000061d000000, 0x000000061d400000|  0%| F|  |TAMS 0x000000061d000000| PB 0x000000061d000000| Untracked |  0
|  82|0x000000061d400000, 0x000000061d400000, 0x000000061d800000|  0%| F|  |TAMS 0x000000061d400000| PB 0x000000061d400000| Untracked |  0
|  83|0x000000061d800000, 0x000000061d800000, 0x000000061dc00000|  0%| F|  |TAMS 0x000000061d800000| PB 0x000000061d800000| Untracked |  0
|  84|0x000000061dc00000, 0x000000061dc00000, 0x000000061e000000|  0%| F|  |TAMS 0x000000061dc00000| PB 0x000000061dc00000| Untracked |  0
|  85|0x000000061e000000, 0x000000061e000000, 0x000000061e400000|  0%| F|  |TAMS 0x000000061e000000| PB 0x000000061e000000| Untracked |  0
|  86|0x000000061e400000, 0x000000061e400000, 0x000000061e800000|  0%| F|  |TAMS 0x000000061e400000| PB 0x000000061e400000| Untracked |  0
|  87|0x000000061e800000, 0x000000061e800000, 0x000000061ec00000|  0%| F|  |TAMS 0x000000061e800000| PB 0x000000061e800000| Untracked |  0
|  88|0x000000061ec00000, 0x000000061ec00000, 0x000000061f000000|  0%| F|  |TAMS 0x000000061ec00000| PB 0x000000061ec00000| Untracked |  0
|  89|0x000000061f000000, 0x000000061f000000, 0x000000061f400000|  0%| F|  |TAMS 0x000000061f000000| PB 0x000000061f000000| Untracked |  0
|  90|0x000000061f400000, 0x000000061f400000, 0x000000061f800000|  0%| F|  |TAMS 0x000000061f400000| PB 0x000000061f400000| Untracked |  0
|  91|0x000000061f800000, 0x000000061f800000, 0x000000061fc00000|  0%| F|  |TAMS 0x000000061f800000| PB 0x000000061f800000| Untracked |  0
|  92|0x000000061fc00000, 0x000000061fc00000, 0x0000000620000000|  0%| F|  |TAMS 0x000000061fc00000| PB 0x000000061fc00000| Untracked |  0
|  93|0x0000000620000000, 0x0000000620000000, 0x0000000620400000|  0%| F|  |TAMS 0x0000000620000000| PB 0x0000000620000000| Untracked |  0
|  94|0x0000000620400000, 0x0000000620400000, 0x0000000620800000|  0%| F|  |TAMS 0x0000000620400000| PB 0x0000000620400000| Untracked |  0
|  95|0x0000000620800000, 0x0000000620800000, 0x0000000620c00000|  0%| F|  |TAMS 0x0000000620800000| PB 0x0000000620800000| Untracked |  0
|  96|0x0000000620c00000, 0x0000000620c00000, 0x0000000621000000|  0%| F|  |TAMS 0x0000000620c00000| PB 0x0000000620c00000| Untracked |  0
|  97|0x0000000621000000, 0x0000000621000000, 0x0000000621400000|  0%| F|  |TAMS 0x0000000621000000| PB 0x0000000621000000| Untracked |  0
|  98|0x0000000621400000, 0x0000000621400000, 0x0000000621800000|  0%| F|  |TAMS 0x0000000621400000| PB 0x0000000621400000| Untracked |  0
|  99|0x0000000621800000, 0x0000000621800000, 0x0000000621c00000|  0%| F|  |TAMS 0x0000000621800000| PB 0x0000000621800000| Untracked |  0
| 100|0x0000000621c00000, 0x0000000621c00000, 0x0000000622000000|  0%| F|  |TAMS 0x0000000621c00000| PB 0x0000000621c00000| Untracked |  0
| 101|0x0000000622000000, 0x0000000622000000, 0x0000000622400000|  0%| F|  |TAMS 0x0000000622000000| PB 0x0000000622000000| Untracked |  0
| 102|0x0000000622400000, 0x0000000622400000, 0x0000000622800000|  0%| F|  |TAMS 0x0000000622400000| PB 0x0000000622400000| Untracked |  0
| 103|0x0000000622800000, 0x0000000622800000, 0x0000000622c00000|  0%| F|  |TAMS 0x0000000622800000| PB 0x0000000622800000| Untracked |  0
| 104|0x0000000622c00000, 0x0000000622c00000, 0x0000000623000000|  0%| F|  |TAMS 0x0000000622c00000| PB 0x0000000622c00000| Untracked |  0
| 105|0x0000000623000000, 0x0000000623000000, 0x0000000623400000|  0%| F|  |TAMS 0x0000000623000000| PB 0x0000000623000000| Untracked |  0
| 106|0x0000000623400000, 0x0000000623400000, 0x0000000623800000|  0%| F|  |TAMS 0x0000000623400000| PB 0x0000000623400000| Untracked |  0
| 107|0x0000000623800000, 0x0000000623800000, 0x0000000623c00000|  0%| F|  |TAMS 0x0000000623800000| PB 0x0000000623800000| Untracked |  0
| 108|0x0000000623c00000, 0x0000000623c00000, 0x0000000624000000|  0%| F|  |TAMS 0x0000000623c00000| PB 0x0000000623c00000| Untracked |  0
| 109|0x0000000624000000, 0x0000000624000000, 0x0000000624400000|  0%| F|  |TAMS 0x0000000624000000| PB 0x0000000624000000| Untracked |  0
| 110|0x0000000624400000, 0x0000000624400000, 0x0000000624800000|  0%| F|  |TAMS 0x0000000624400000| PB 0x0000000624400000| Untracked |  0
| 111|0x0000000624800000, 0x0000000624800000, 0x0000000624c00000|  0%| F|  |TAMS 0x0000000624800000| PB 0x0000000624800000| Untracked |  0
| 112|0x0000000624c00000, 0x0000000624c00000, 0x0000000625000000|  0%| F|  |TAMS 0x0000000624c00000| PB 0x0000000624c00000| Untracked |  0
| 113|0x0000000625000000, 0x00000006253816a8, 0x0000000625400000| 87%| S|CS|TAMS 0x0000000625000000| PB 0x0000000625000000| Complete |  0
| 114|0x0000000625400000, 0x0000000625400000, 0x0000000625800000|  0%| F|  |TAMS 0x0000000625400000| PB 0x0000000625400000| Untracked |  0
| 115|0x0000000625800000, 0x0000000625800000, 0x0000000625c00000|  0%| F|  |TAMS 0x0000000625800000| PB 0x0000000625800000| Untracked |  0
| 116|0x0000000625c00000, 0x0000000625c00000, 0x0000000626000000|  0%| F|  |TAMS 0x0000000625c00000| PB 0x0000000625c00000| Untracked |  0
| 117|0x0000000626000000, 0x0000000626000000, 0x0000000626400000|  0%| F|  |TAMS 0x0000000626000000| PB 0x0000000626000000| Untracked |  0
| 118|0x0000000626400000, 0x0000000626400000, 0x0000000626800000|  0%| F|  |TAMS 0x0000000626400000| PB 0x0000000626400000| Untracked |  0
| 119|0x0000000626800000, 0x0000000626800000, 0x0000000626c00000|  0%| F|  |TAMS 0x0000000626800000| PB 0x0000000626800000| Untracked |  0
| 120|0x0000000626c00000, 0x0000000626c00000, 0x0000000627000000|  0%| F|  |TAMS 0x0000000626c00000| PB 0x0000000626c00000| Untracked |  0
| 121|0x0000000627000000, 0x0000000627400000, 0x0000000627400000|100%| E|  |TAMS 0x0000000627000000| PB 0x0000000627000000| Complete |  0
| 122|0x0000000627400000, 0x0000000627800000, 0x0000000627800000|100%| E|CS|TAMS 0x0000000627400000| PB 0x0000000627400000| Complete |  0
| 123|0x0000000627800000, 0x0000000627c00000, 0x0000000627c00000|100%| E|CS|TAMS 0x0000000627800000| PB 0x0000000627800000| Complete |  0
| 124|0x0000000627c00000, 0x0000000628000000, 0x0000000628000000|100%| E|CS|TAMS 0x0000000627c00000| PB 0x0000000627c00000| Complete |  0
| 125|0x0000000628000000, 0x0000000628400000, 0x0000000628400000|100%| E|CS|TAMS 0x0000000628000000| PB 0x0000000628000000| Complete |  0
|2012|0x00000007ffc00000, 0x00000007ffd25608, 0x0000000800000000| 28%| O|  |TAMS 0x00000007ffc00000| PB 0x00000007ffc00000| Untracked |  0

Card table byte_map: [0x0000025c7de30000,0x0000025c7edf0000] _byte_map_base: 0x0000025c7adea000

Marking Bits: (CMBitMap*) 0x0000025c7c9113e0
 Bits: [0x0000025c177c0000, 0x0000025c1f590000)

Polling page: 0x0000025c7a950000

Metaspace:
Metaspace        used 20892K, committed 21184K, reserved 1114112K
 class space     used 1730K, committed 1856K, reserved 1048576K

Usage:
  Non-class:     18.71 MB used.
      Class:      1.69 MB used.
       Both:     20.40 MB used.

Virtual space:
  Non-class space:       64.00 MB reserved,      18.88 MB ( 29%) committed,  1 nodes.
      Class space:        1.00 GB reserved,       1.81 MB ( <1%) committed,  1 nodes.
             Both:        1.06 GB reserved,      20.69 MB (  2%) committed. 

Chunk freelists:
   Non-Class:  12.42 MB
       Class:  14.05 MB
        Both:  26.47 MB

MaxMetaspaceSize: unlimited
CompressedClassSpaceSize: 1.00 GB
Initial GC threshold: 21.00 MB
Current GC threshold: 21.00 MB
CDS: on
 - commit_granule_bytes: 65536.
 - commit_granule_words: 8192.
 - virtual_space_node_default_size: 8388608.
 - enlarge_chunks_in_place: 1.
UseCompressedClassPointers 1, UseCompactObjectHeaders 0
Narrow klass pointer bits 32, Max shift 3
Narrow klass base: 0x000000002e000000, Narrow klass shift: 0
Encoding Range: [0x000000002e000000 - 0x000000012e000000), (4294967296 bytes)
Klass Range:    [0x000000002e010000 - 0x000000006f000000), (1090453504 bytes)
Klass ID Range:  [65536 - 1090519033) (1090453497)
Protection zone: [0x000000002e000000 - 0x000000002e010000), (65536 bytes)


Internal statistics:

num_allocs_failed_limit: 0.
num_arena_births: 216.
num_arena_deaths: 0.
num_vsnodes_births: 2.
num_vsnodes_deaths: 0.
num_space_committed: 331.
num_space_uncommitted: 0.
num_chunks_returned_to_freelist: 0.
num_chunks_taken_from_freelist: 755.
num_chunk_merges: 0.
num_chunk_splits: 572.
num_chunks_enlarged: 481.
num_inconsistent_stats: 0.

CodeHeap 'non-profiled nmethods': size=120064Kb used=541Kb max_used=541Kb free=119522Kb
 bounds [0x0000025c10280000, 0x0000025c104f0000, 0x0000025c177c0000]
CodeHeap 'profiled nmethods': size=120000Kb used=2751Kb max_used=2751Kb free=117248Kb
 bounds [0x0000025c087c0000, 0x0000025c08a70000, 0x0000025c0fcf0000]
CodeHeap 'non-nmethods': size=5696Kb used=1986Kb max_used=2004Kb free=3710Kb
 bounds [0x0000025c0fcf0000, 0x0000025c0ff60000, 0x0000025c10280000]
CodeCache: size=245760Kb, used=5278Kb, max_used=5296Kb, free=240480Kb
 total_blobs=2911, nmethods=1814, adapters=1001, full_count=0
Compilation: enabled, stopped_count=0, restarted_count=0

Compilation events (20 events):
Event: 6872.153 Thread 0x0000025c7efebd90 1805       3       kotlin.coroutines.jvm.internal.DebugProbesKt::probeCoroutineSuspended (7 bytes)
Event: 6872.154 Thread 0x0000025c7efebd90 nmethod 1805 0x0000025c08a63808 code [0x0000025c08a63900, 0x0000025c08a63eb0]
Event: 7082.229 Thread 0x0000025c7efebd90 1806   !   3       kotlinx.coroutines.scheduling.CoroutineScheduler$Worker::tryTerminateWorker (230 bytes)
Event: 7082.235 Thread 0x0000025c7efebd90 nmethod 1806 0x0000025c08a63f08 code [0x0000025c08a64000, 0x0000025c08a66660]
Event: 7142.245 Thread 0x0000025c7efebd90 1807       3       kotlinx.coroutines.CancellableContinuationImpl::getResult (208 bytes)
Event: 7142.248 Thread 0x0000025c7efebd90 nmethod 1807 0x0000025c08a66708 code [0x0000025c08a66800, 0x0000025c08a68938]
Event: 7142.248 Thread 0x0000025c7efebd90 1808       3       kotlinx.coroutines.CancellableContinuationImpl::trySuspend (112 bytes)
Event: 7142.249 Thread 0x0000025c7efebd90 nmethod 1808 0x0000025c08a68988 code [0x0000025c08a68a80, 0x0000025c08a69150]
Event: 7232.282 Thread 0x0000025c7efebd90 1809       3       kotlinx.coroutines.CancellableContinuationImpl::invokeOnCancellationImpl (387 bytes)
Event: 7232.287 Thread 0x0000025c7efebd90 nmethod 1809 0x0000025c08a69188 code [0x0000025c08a69280, 0x0000025c08a6c528]
Event: 7260.903 Thread 0x0000025c7efebd90 1810   !   3       java.lang.Object::wait (59 bytes)
Event: 7260.904 Thread 0x0000025c7efebd90 nmethod 1810 0x0000025c08a6c588 code [0x0000025c08a6c680, 0x0000025c08a6cbf0]
Event: 7262.296 Thread 0x0000025c7efebd90 1811       3       kotlinx.coroutines.JobSupport::invokeOnCompletionInternal$kotlinx_coroutines_core (302 bytes)
Event: 7262.301 Thread 0x0000025c7efebd90 nmethod 1811 0x0000025c08a6cc08 code [0x0000025c08a6cd00, 0x0000025c08a6f3a8]
Event: 7322.316 Thread 0x0000025c7efebd90 1812       3       kotlinx.coroutines.JobKt::invokeOnCompletion (7 bytes)
Event: 7322.317 Thread 0x0000025c7efebd90 nmethod 1812 0x0000025c08a6f408 code [0x0000025c08a6f500, 0x0000025c08a6f610]
Event: 7891.190 Thread 0x0000025c7efebd90 1813       3       java.util.HashMap$EntryIterator::next (5 bytes)
Event: 7891.191 Thread 0x0000025c7efebd90 nmethod 1813 0x0000025c08a6f708 code [0x0000025c08a6f800, 0x0000025c08a6fa88]
Event: 7891.191 Thread 0x0000025c7efebd90 1814       3       java.util.HashMap$EntryIterator::next (5 bytes)
Event: 7891.191 Thread 0x0000025c7efebd90 nmethod 1814 0x0000025c08a6fb08 code [0x0000025c08a6fc00, 0x0000025c08a6fdb8]

GC Heap Usage History (2 events):
Event: 0.664 {heap Before GC invocations=0 (full 0):
 garbage-first heap   total reserved 8245248K, committed 520192K, used 50325K [0x0000000608c00000, 0x0000000800000000)
  region size 4096K, 12 young (49152K), 0 survivors (0K)
}
Event: 0.668 {heap After GC invocations=1 (full 0):
 garbage-first heap   total reserved 8245248K, committed 520192K, used 4763K [0x0000000608c00000, 0x0000000800000000)
  region size 4096K, 1 young (4096K), 1 survivors (4096K)
}

Metaspace Usage History (2 events):
Event: 0.664 {metaspace Before GC invocations=0 (full 0):
 Metaspace       used 15167K, committed 15296K, reserved 1114112K
  class space    used 1165K, committed 1216K, reserved 1048576K
}
Event: 0.668 {metaspace After GC invocations=1 (full 0):
 Metaspace       used 15167K, committed 15296K, reserved 1114112K
  class space    used 1165K, committed 1216K, reserved 1048576K
}

Dll operation events (9 events):
Event: 0.011 Loaded shared library C:\Program Files\Java\jdk-25\bin\java.dll
Event: 0.064 Loaded shared library C:\Program Files\Java\jdk-25\bin\net.dll
Event: 0.066 Loaded shared library C:\Program Files\Java\jdk-25\bin\nio.dll
Event: 0.070 Loaded shared library C:\Program Files\Java\jdk-25\bin\zip.dll
Event: 0.151 Loaded shared library C:\Program Files\Java\jdk-25\bin\jimage.dll
Event: 0.154 Loaded shared library C:\Program Files\Java\jdk-25\bin\awt.dll
Event: 0.470 Loaded shared library C:\Users\serif\.skiko\64f176e39f60453df1ebf3b490935ff01e2e8db2dfc6217e7f91aacb376d7385\skiko-windows-x64.dll
Event: 0.690 Loaded shared library C:\Program Files\Java\jdk-25\bin\freetype.dll
Event: 0.691 Loaded shared library C:\Program Files\Java\jdk-25\bin\fontmanager.dll

Deoptimization events (20 events):
Event: 0.881 Thread 0x0000025c263ebba0 Uncommon trap: trap_request=0xffffffd6 fr.pc=0x0000025c102ed7e4 relative=0x00000000000001e4
Event: 0.881 Thread 0x0000025c263ebba0 Uncommon trap: reason=array_check action=maybe_recompile pc=0x0000025c102ed7e4 method=java.util.Arrays.fill([Ljava/lang/Object;Ljava/lang/Object;)V @ 13 c2
Event: 0.881 Thread 0x0000025c263ebba0 DEOPT PACKING pc=0x0000025c102ed7e4 sp=0x00000096743f90a0
Event: 0.881 Thread 0x0000025c263ebba0 DEOPT UNPACKING pc=0x0000025c0fe12682 sp=0x00000096743f9030 mode 2
Event: 0.956 Thread 0x0000025c263ebba0 Uncommon trap: trap_request=0xffffffde fr.pc=0x0000025c102cf4f4 relative=0x00000000000002f4
Event: 0.956 Thread 0x0000025c263ebba0 Uncommon trap: reason=class_check action=maybe_recompile pc=0x0000025c102cf4f4 method=java.util.HashMap.getNode(Ljava/lang/Object;)Ljava/util/HashMap$Node; @ 63 c2
Event: 0.956 Thread 0x0000025c263ebba0 DEOPT PACKING pc=0x0000025c102cf4f4 sp=0x00000096743fa680
Event: 0.956 Thread 0x0000025c263ebba0 DEOPT UNPACKING pc=0x0000025c0fe12682 sp=0x00000096743fa5e8 mode 2
Event: 0.961 Thread 0x0000025c263ebba0 Uncommon trap: trap_request=0xffffffde fr.pc=0x0000025c102cf4f4 relative=0x00000000000002f4
Event: 0.961 Thread 0x0000025c263ebba0 Uncommon trap: reason=class_check action=maybe_recompile pc=0x0000025c102cf4f4 method=java.util.HashMap.getNode(Ljava/lang/Object;)Ljava/util/HashMap$Node; @ 63 c2
Event: 0.961 Thread 0x0000025c263ebba0 DEOPT PACKING pc=0x0000025c102cf4f4 sp=0x00000096743fa670
Event: 0.961 Thread 0x0000025c263ebba0 DEOPT UNPACKING pc=0x0000025c0fe12682 sp=0x00000096743fa5d8 mode 2
Event: 0.964 Thread 0x0000025c263ebba0 Uncommon trap: trap_request=0xffffffde fr.pc=0x0000025c102cf4f4 relative=0x00000000000002f4
Event: 0.964 Thread 0x0000025c263ebba0 Uncommon trap: reason=class_check action=maybe_recompile pc=0x0000025c102cf4f4 method=java.util.HashMap.getNode(Ljava/lang/Object;)Ljava/util/HashMap$Node; @ 63 c2
Event: 0.964 Thread 0x0000025c263ebba0 DEOPT PACKING pc=0x0000025c102cf4f4 sp=0x00000096743f9ca0
Event: 0.964 Thread 0x0000025c263ebba0 DEOPT UNPACKING pc=0x0000025c0fe12682 sp=0x00000096743f9c08 mode 2
Event: 0.964 Thread 0x0000025c263ebba0 Uncommon trap: trap_request=0xffffffde fr.pc=0x0000025c102cf4f4 relative=0x00000000000002f4
Event: 0.964 Thread 0x0000025c263ebba0 Uncommon trap: reason=class_check action=maybe_recompile pc=0x0000025c102cf4f4 method=java.util.HashMap.getNode(Ljava/lang/Object;)Ljava/util/HashMap$Node; @ 63 c2
Event: 0.964 Thread 0x0000025c263ebba0 DEOPT PACKING pc=0x0000025c102cf4f4 sp=0x00000096743f9c90
Event: 0.964 Thread 0x0000025c263ebba0 DEOPT UNPACKING pc=0x0000025c0fe12682 sp=0x00000096743f9bf8 mode 2

Classes loaded (20 events):
Event: 1.131 Loading class java/util/concurrent/LinkedTransferQueue done
Event: 1.131 Loading class java/util/concurrent/SynchronousQueue$Transferer done
Event: 1.131 Loading class java/util/concurrent/LinkedTransferQueue$DualNode
Event: 1.131 Loading class java/util/concurrent/LinkedTransferQueue$DualNode done
Event: 1.132 Loading class java/util/concurrent/ScheduledThreadPoolExecutor
Event: 1.132 Loading class java/util/concurrent/ScheduledThreadPoolExecutor done
Event: 1.132 Loading class java/util/concurrent/Callable
Event: 1.132 Loading class java/util/concurrent/Callable done
Event: 1.132 Loading class java/util/concurrent/ScheduledFuture
Event: 1.132 Loading class java/util/concurrent/ScheduledFuture done
Event: 1.132 Loading class java/util/concurrent/ThreadPoolExecutor$Worker
Event: 1.132 Loading class java/util/concurrent/ThreadPoolExecutor$Worker done
Event: 6161.126 Loading class java/util/ArrayList$ListItr
Event: 6161.134 Loading class java/util/ArrayList$ListItr done
Event: 6161.141 Loading class javax/swing/RepaintManager$DisplayChangedRunnable
Event: 6161.145 Loading class javax/swing/RepaintManager$DisplayChangedRunnable done
Event: 27133.762 Loading class java/awt/desktop/SystemSleepListener
Event: 27133.762 Loading class java/awt/desktop/SystemEventListener
Event: 27133.762 Loading class java/awt/desktop/SystemEventListener done
Event: 27133.762 Loading class java/awt/desktop/SystemSleepListener done

Classes unloaded (0 events):
No events

Classes redefined (0 events):
No events

Internal exceptions (20 events):
Event: 0.695 Thread 0x0000025c263ebba0 Exception <a 'java/lang/NoSuchMethodError'{0x000000062808b800}: 'long java.lang.invoke.DirectMethodHandle$Holder.invokeStaticInit(java.lang.Object, long, long, long, long)'> (0x000000062808b800) 
thrown [s\open\src\hotspot\share\interpreter\linkResolver.cpp, line 804]
Event: 0.696 Thread 0x0000025c263ebba0 Exception <a 'java/lang/NoSuchMethodError'{0x0000000628094680}: 'java.lang.Object java.lang.invoke.DirectMethodHandle$Holder.invokeInterface(java.lang.Object, java.lang.Object, long, long)'> (0x0000000628094680) 
thrown [s\open\src\hotspot\share\interpreter\linkResolver.cpp, line 804]
Event: 0.696 Thread 0x0000025c263ebba0 Exception <a 'java/lang/NoSuchMethodError'{0x00000006280ad2e8}: 'void java.lang.invoke.DirectMethodHandle$Holder.invokeStaticInit(java.lang.Object, java.lang.Object, long, java.lang.Object)'> (0x00000006280ad2e8) 
thrown [s\open\src\hotspot\share\interpreter\linkResolver.cpp, line 804]
Event: 0.696 Thread 0x0000025c263ebba0 Exception <a 'java/lang/NoSuchMethodError'{0x00000006280b5e70}: 'long java.lang.invoke.DirectMethodHandle$Holder.invokeStatic(java.lang.Object, long, long)'> (0x00000006280b5e70) 
thrown [s\open\src\hotspot\share\interpreter\linkResolver.cpp, line 804]
Event: 0.830 Thread 0x0000025c263ebba0 Exception <a 'java/lang/NoSuchMethodError'{0x0000000627c26258}: 'java.lang.Object java.lang.invoke.DirectMethodHandle$Holder.invokeStatic(java.lang.Object, java.lang.Object, int)'> (0x0000000627c26258) 
thrown [s\open\src\hotspot\share\interpreter\linkResolver.cpp, line 804]
Event: 0.830 Thread 0x0000025c263ebba0 Exception <a 'java/lang/NoSuchMethodError'{0x0000000627c2e900}: 'java.lang.Object java.lang.invoke.DirectMethodHandle$Holder.invokeStaticInit(java.lang.Object, java.lang.Object, int)'> (0x0000000627c2e900) 
thrown [s\open\src\hotspot\share\interpreter\linkResolver.cpp, line 804]
Event: 0.833 Thread 0x0000025c263ebba0 Exception <a 'java/lang/NoSuchMethodError'{0x0000000627c84a70}: 'java.lang.Object java.lang.invoke.DirectMethodHandle$Holder.newInvokeSpecial(java.lang.Object, int, java.lang.Object, java.lang.Object)'> (0x0000000627c84a70) 
thrown [s\open\src\hotspot\share\interpreter\linkResolver.cpp, line 804]
Event: 0.852 Thread 0x0000025c263ebba0 Exception <a 'java/lang/NoSuchMethodError'{0x0000000627e64ff8}: 'float java.lang.invoke.DirectMethodHandle$Holder.invokeStatic(java.lang.Object)'> (0x0000000627e64ff8) 
thrown [s\open\src\hotspot\share\interpreter\linkResolver.cpp, line 804]
Event: 0.852 Thread 0x0000025c263ebba0 Exception <a 'java/lang/NoSuchMethodError'{0x0000000627e6d7a8}: 'float java.lang.invoke.DirectMethodHandle$Holder.invokeStaticInit(java.lang.Object)'> (0x0000000627e6d7a8) 
thrown [s\open\src\hotspot\share\interpreter\linkResolver.cpp, line 804]
Event: 0.869 Thread 0x0000025c263ebba0 Exception <a 'java/lang/NoSuchMethodError'{0x0000000627830440}: 'java.lang.Object java.lang.invoke.DirectMethodHandle$Holder.invokeStatic(java.lang.Object, java.lang.Object, int, java.lang.Object, int)'> (0x0000000627830440) 
thrown [s\open\src\hotspot\share\interpreter\linkResolver.cpp, line 804]
Event: 0.870 Thread 0x0000025c263ebba0 Exception <a 'java/lang/NoSuchMethodError'{0x0000000627841070}: 'java.lang.Object java.lang.invoke.DirectMethodHandle$Holder.newInvokeSpecial(java.lang.Object, java.lang.Object, int)'> (0x0000000627841070) 
thrown [s\open\src\hotspot\share\interpreter\linkResolver.cpp, line 804]
Event: 0.872 Thread 0x0000025c263ebba0 Exception <a 'java/lang/NoSuchMethodError'{0x0000000627893d30}: 'java.lang.Object java.lang.invoke.DirectMethodHandle$Holder.newInvokeSpecial(java.lang.Object, java.lang.Object, java.lang.Object, int, int)'> (0x0000000627893d30) 
thrown [s\open\src\hotspot\share\interpreter\linkResolver.cpp, line 804]
Event: 0.873 Thread 0x0000025c263ebba0 Exception <a 'java/lang/NoSuchMethodError'{0x000000062789cfc0}: 'java.lang.Object java.lang.invoke.DirectMethodHandle$Holder.invokeSpecial(java.lang.Object, java.lang.Object, java.lang.Object, java.lang.Object, int, int)'> (0x000000062789cfc0) 
thrown [s\open\src\hotspot\share\interpreter\linkResolver.cpp, line 804]
Event: 0.873 Thread 0x0000025c263ebba0 Exception <a 'java/lang/NoSuchMethodError'{0x00000006278be560}: 'java.lang.Object java.lang.invoke.DirectMethodHandle$Holder.newInvokeSpecial(java.lang.Object, java.lang.Object, java.lang.Object, java.lang.Object, int)'> (0x00000006278be560) 
thrown [s\open\src\hotspot\share\interpreter\linkResolver.cpp, line 804]
Event: 0.873 Thread 0x0000025c263ebba0 Exception <a 'java/lang/NoSuchMethodError'{0x00000006278c7688}: 'java.lang.Object java.lang.invoke.DirectMethodHandle$Holder.invokeSpecial(java.lang.Object, java.lang.Object, java.lang.Object, java.lang.Object, java.lang.Object, int)'> (0x00000006278c7688) 
thrown [s\open\src\hotspot\share\interpreter\linkResolver.cpp, line 804]
Event: 0.874 Thread 0x0000025c263ebba0 Exception <a 'java/lang/NoSuchMethodError'{0x00000006278cfaa8}: 'java.lang.Object java.lang.invoke.Invokers$Holder.linkToTargetMethod(java.lang.Object, java.lang.Object, java.lang.Object, int, java.lang.Object)'> (0x00000006278cfaa8) 
thrown [s\open\src\hotspot\share\interpreter\linkResolver.cpp, line 804]
Event: 0.911 Thread 0x0000025c263ebba0 Exception <a 'java/lang/NoSuchMethodError'{0x0000000627b5bab0}: 'java.lang.Object java.lang.invoke.DirectMethodHandle$Holder.invokeStatic(java.lang.Object, java.lang.Object, java.lang.Object, long)'> (0x0000000627b5bab0) 
thrown [s\open\src\hotspot\share\interpreter\linkResolver.cpp, line 804]
Event: 0.912 Thread 0x0000025c263ebba0 Exception <a 'java/lang/NoSuchMethodError'{0x0000000627b6bd38}: 'java.lang.Object java.lang.invoke.DirectMethodHandle$Holder.newInvokeSpecial(java.lang.Object, java.lang.Object, java.lang.Object, long)'> (0x0000000627b6bd38) 
thrown [s\open\src\hotspot\share\interpreter\linkResolver.cpp, line 804]
Event: 0.912 Thread 0x0000025c263ebba0 Exception <a 'java/lang/NoSuchMethodError'{0x0000000627b748a0}: 'java.lang.Object java.lang.invoke.DirectMethodHandle$Holder.invokeSpecial(java.lang.Object, java.lang.Object, java.lang.Object, java.lang.Object, long)'> (0x0000000627b748a0) 
thrown [s\open\src\hotspot\share\interpreter\linkResolver.cpp, line 804]
Event: 0.912 Thread 0x0000025c263ebba0 Exception <a 'java/lang/NoSuchMethodError'{0x0000000627b7c950}: 'java.lang.Object java.lang.invoke.Invokers$Holder.linkToTargetMethod(java.lang.Object, java.lang.Object, long, java.lang.Object)'> (0x0000000627b7c950) 
thrown [s\open\src\hotspot\share\interpreter\linkResolver.cpp, line 804]

VM Operations (20 events):
Event: 0.465 Executing non-safepoint VM operation: HandshakeAllThreads (Deoptimize)
Event: 0.465 Executing non-safepoint VM operation: HandshakeAllThreads (Deoptimize) done
Event: 0.465 Executing non-safepoint VM operation: HandshakeAllThreads (Deoptimize)
Event: 0.465 Executing non-safepoint VM operation: HandshakeAllThreads (Deoptimize) done
Event: 0.495 Executing non-safepoint VM operation: HandshakeAllThreads (Deoptimize)
Event: 0.495 Executing non-safepoint VM operation: HandshakeAllThreads (Deoptimize) done
Event: 0.664 Executing safepoint VM operation: G1CollectForAllocation (G1 Evacuation Pause)
Event: 0.668 Executing safepoint VM operation: G1CollectForAllocation (G1 Evacuation Pause) done
Event: 60.161 Executing non-safepoint VM operation: HandshakeAllThreads (HandshakeForDeflation)
Event: 60.162 Executing non-safepoint VM operation: HandshakeAllThreads (HandshakeForDeflation) done
Event: 60.162 Executing non-safepoint VM operation: RendezvousGCThreads
Event: 60.162 Executing non-safepoint VM operation: RendezvousGCThreads done
Event: 6194.377 Executing non-safepoint VM operation: HandshakeAllThreads (HandshakeForDeflation)
Event: 6194.377 Executing non-safepoint VM operation: HandshakeAllThreads (HandshakeForDeflation) done
Event: 6194.378 Executing non-safepoint VM operation: RendezvousGCThreads
Event: 6194.378 Executing non-safepoint VM operation: RendezvousGCThreads done
Event: 6975.695 Executing non-safepoint VM operation: HandshakeAllThreads (HandshakeForDeflation)
Event: 6975.696 Executing non-safepoint VM operation: HandshakeAllThreads (HandshakeForDeflation) done
Event: 6975.696 Executing non-safepoint VM operation: RendezvousGCThreads
Event: 6975.696 Executing non-safepoint VM operation: RendezvousGCThreads done

Memory protections (0 events):
No events

Nmethod flushes (0 events):
No events

Events (20 events):
Event: 0.035 Thread 0x0000025c7c865d20 Thread added: 0x0000025c7efc0fb0
Event: 0.035 Thread 0x0000025c7c865d20 Thread added: 0x0000025c7efebd90
Event: 0.059 Thread 0x0000025c7c865d20 Thread added: 0x0000025c21663210
Event: 0.061 Thread 0x0000025c7c865d20 Thread added: 0x0000025c2166aee0
Event: 0.072 Thread 0x0000025c7efebd90 Thread added: 0x0000025c21735b70
Event: 0.072 Thread 0x0000025c7efebd90 Thread added: 0x0000025c216643f0
Event: 0.182 Thread 0x0000025c7c865d20 Thread added: 0x0000025c26684df0
Event: 0.183 Thread 0x0000025c7c865d20 Thread added: 0x0000025c26685950
Event: 0.183 Thread 0x0000025c7c865d20 Thread added: 0x0000025c26686520
Event: 0.195 Thread 0x0000025c7c865d20 Thread added: 0x0000025c263ebba0
Event: 0.474 Thread 0x0000025c263ebba0 Thread added: 0x0000025c26b3a610
Event: 0.475 Thread 0x0000025c263ebba0 Thread added: 0x0000025c26b3add0
Event: 0.475 Thread 0x0000025c26b3a610 Thread added: 0x0000025c26ae2be0
Event: 0.477 Thread 0x0000025c26b3a610 Thread added: 0x0000025c26aedac0
Event: 0.478 Thread 0x0000025c263ebba0 Thread added: 0x0000025c26aebb80
Event: 0.524 Thread 0x0000025c263ebba0 Thread added: 0x0000025c26aef230
Event: 1.087 Thread 0x0000025c216643f0 Thread exited: 0x0000025c216643f0
Event: 1.087 Thread 0x0000025c21735b70 Thread exited: 0x0000025c21735b70
Event: 1.133 Thread 0x0000025c263ebba0 Thread added: 0x0000025c2702ee40
Event: 61.136 Thread 0x0000025c2702ee40 Thread exited: 0x0000025c2702ee40


Dynamic libraries:
0x00007ff665670000 - 0x00007ff665680000 	C:\Program Files\Java\jdk-25\bin\java.exe
0x00007ffd7b7a0000 - 0x00007ffd7ba08000 	C:\WINDOWS\SYSTEM32\ntdll.dll
0x00007ffd79d00000 - 0x00007ffd79dc9000 	C:\WINDOWS\System32\KERNEL32.DLL
0x00007ffd788f0000 - 0x00007ffd78ce8000 	C:\WINDOWS\System32\KERNELBASE.dll
0x00007ffd793f0000 - 0x00007ffd7953b000 	C:\WINDOWS\System32\ucrtbase.dll
0x00007ffd625a0000 - 0x00007ffd625be000 	C:\Program Files\Java\jdk-25\bin\VCRUNTIME140.dll
0x00007ffd501f0000 - 0x00007ffd50207000 	C:\Program Files\Java\jdk-25\bin\jli.dll
0x00007ffd7b530000 - 0x00007ffd7b6f7000 	C:\WINDOWS\System32\USER32.dll
0x00007ffd78fd0000 - 0x00007ffd78ff7000 	C:\WINDOWS\System32\win32u.dll
0x00007ffd7a5a0000 - 0x00007ffd7a5cb000 	C:\WINDOWS\System32\GDI32.dll
0x00007ffd55830000 - 0x00007ffd55ac4000 	C:\WINDOWS\WinSxS\amd64_microsoft.windows.common-controls_6595b64144ccf1df_6.0.26100.7019_none_3e06ffa0e335b8a8\COMCTL32.dll
0x00007ffd790b0000 - 0x00007ffd791dc000 	C:\WINDOWS\System32\gdi32full.dll
0x00007ffd7b370000 - 0x00007ffd7b419000 	C:\WINDOWS\System32\msvcrt.dll
0x00007ffd78e60000 - 0x00007ffd78f03000 	C:\WINDOWS\System32\msvcp_win.dll
0x00007ffd79ff0000 - 0x00007ffd7a021000 	C:\WINDOWS\System32\IMM32.DLL
0x00007ffd647a0000 - 0x00007ffd647ac000 	C:\Program Files\Java\jdk-25\bin\vcruntime140_1.dll
0x00007ffd31ba0000 - 0x00007ffd31c2d000 	C:\Program Files\Java\jdk-25\bin\msvcp140.dll
0x00007ffc94d20000 - 0x00007ffc95b7f000 	C:\Program Files\Java\jdk-25\bin\server\jvm.dll
0x00007ffd7af20000 - 0x00007ffd7afd4000 	C:\WINDOWS\System32\ADVAPI32.dll
0x00007ffd79540000 - 0x00007ffd795e6000 	C:\WINDOWS\System32\sechost.dll
0x00007ffd79ed0000 - 0x00007ffd79fe8000 	C:\WINDOWS\System32\RPCRT4.dll
0x00007ffd7ad30000 - 0x00007ffd7ada4000 	C:\WINDOWS\System32\WS2_32.dll
0x00007ffd61210000 - 0x00007ffd6121b000 	C:\WINDOWS\SYSTEM32\VERSION.dll
0x00007ffd6f8c0000 - 0x00007ffd6f8f5000 	C:\WINDOWS\SYSTEM32\WINMM.dll
0x00007ffd78750000 - 0x00007ffd787ae000 	C:\WINDOWS\SYSTEM32\POWRPROF.dll
0x00007ffd78730000 - 0x00007ffd78744000 	C:\WINDOWS\SYSTEM32\UMPDC.dll
0x00007ffd775d0000 - 0x00007ffd775eb000 	C:\WINDOWS\SYSTEM32\kernel.appcore.dll
0x00007ffd62310000 - 0x00007ffd6231a000 	C:\Program Files\Java\jdk-25\bin\jimage.dll
0x00007ffd76230000 - 0x00007ffd76472000 	C:\WINDOWS\SYSTEM32\DBGHELP.DLL
0x00007ffd7afe0000 - 0x00007ffd7b36b000 	C:\WINDOWS\System32\combase.dll
0x00007ffd7a280000 - 0x00007ffd7a357000 	C:\WINDOWS\System32\OLEAUT32.dll
0x00007ffd560e0000 - 0x00007ffd5611c000 	C:\WINDOWS\SYSTEM32\dbgcore.DLL
0x00007ffd79000000 - 0x00007ffd790a5000 	C:\WINDOWS\System32\bcryptPrimitives.dll
0x00007ffd501d0000 - 0x00007ffd501ef000 	C:\Program Files\Java\jdk-25\bin\java.dll
0x00007ffd7a0d0000 - 0x00007ffd7a267000 	C:\WINDOWS\System32\ole32.dll
0x00007ffd7a5d0000 - 0x00007ffd7ad1f000 	C:\WINDOWS\System32\SHELL32.dll
0x00007ffd78cf0000 - 0x00007ffd78e5b000 	C:\WINDOWS\System32\wintypes.dll
0x00007ffd764d0000 - 0x00007ffd76d2d000 	C:\WINDOWS\SYSTEM32\windows.storage.dll
0x00007ffd79dd0000 - 0x00007ffd79ec2000 	C:\WINDOWS\System32\SHCORE.dll
0x00007ffd79c90000 - 0x00007ffd79cf7000 	C:\WINDOWS\System32\shlwapi.dll
0x00007ffd78810000 - 0x00007ffd78839000 	C:\WINDOWS\SYSTEM32\profapi.dll
0x00007ffd4f6d0000 - 0x00007ffd4f6e2000 	C:\Program Files\Java\jdk-25\bin\net.dll
0x00007ffd77bc0000 - 0x00007ffd77c2b000 	C:\WINDOWS\system32\mswsock.dll
0x00007ffd4ec60000 - 0x00007ffd4ec76000 	C:\Program Files\Java\jdk-25\bin\nio.dll
0x00007ffd4fac0000 - 0x00007ffd4fad7000 	C:\Program Files\Java\jdk-25\bin\zip.dll
0x00007ffd1fc50000 - 0x00007ffd1fdd4000 	C:\Program Files\Java\jdk-25\bin\awt.dll
0x00007ffd75400000 - 0x00007ffd7549f000 	C:\WINDOWS\SYSTEM32\apphelp.dll
0x00007ffd75600000 - 0x00007ffd756aa000 	C:\WINDOWS\system32\uxtheme.dll
0x00007ffd7adb0000 - 0x00007ffd7af0e000 	C:\WINDOWS\System32\MSCTF.dll
0x00007ffd758b0000 - 0x00007ffd758e0000 	C:\WINDOWS\system32\DWMAPI.DLL
0x00007ffd3c160000 - 0x00007ffd3c26c000 	C:\WINDOWS\system32\opengl32.dll
0x00007ffd64840000 - 0x00007ffd6486d000 	C:\WINDOWS\SYSTEM32\GLU32.dll
0x00007ffd75700000 - 0x00007ffd75743000 	C:\WINDOWS\SYSTEM32\dxcore.dll
0x00007ffcae1f0000 - 0x00007ffcaee0f000 	C:\Users\serif\.skiko\64f176e39f60453df1ebf3b490935ff01e2e8db2dfc6217e7f91aacb376d7385\skiko-windows-x64.dll
0x00007ffd75a70000 - 0x00007ffd75b73000 	C:\WINDOWS\SYSTEM32\PROPSYS.dll
0x00007ffd73f90000 - 0x00007ffd741f7000 	C:\WINDOWS\SYSTEM32\dwrite.dll
0x00007ffd3c740000 - 0x00007ffd3c7c7000 	C:\Program Files\Java\jdk-25\bin\freetype.dll
0x00007ffd02c90000 - 0x00007ffd02d7e000 	C:\Program Files\Java\jdk-25\bin\fontmanager.dll
0x00007ffd7a370000 - 0x00007ffd7a420000 	C:\WINDOWS\System32\clbcatq.dll
0x00007ffd73d50000 - 0x00007ffd73f80000 	C:\WINDOWS\SYSTEM32\WindowsCodecs.dll
0x00007ffd3f0a0000 - 0x00007ffd3f0fa000 	C:\WINDOWS\system32\dataexchange.dll
0x00007ffd68700000 - 0x00007ffd68944000 	C:\WINDOWS\system32\twinapi.appcore.dll
0x00007ffd64a50000 - 0x00007ffd64a57000 	C:\Program Files\Java\jdk-25\bin\jawt.dll
0x00007ffd75750000 - 0x00007ffd75889000 	C:\WINDOWS\SYSTEM32\Dxgi.dll
0x00007ffd72170000 - 0x00007ffd721d3000 	C:\WINDOWS\SYSTEM32\directxdatabasehelper.dll
0x00007ffd78470000 - 0x00007ffd784c7000 	C:\WINDOWS\SYSTEM32\cfgmgr32.dll
0x00007ffd49150000 - 0x00007ffd49173000 	C:\WINDOWS\SYSTEM32\D3D12.dll
0x00007ffcff160000 - 0x00007ffcff4b8000 	C:\WINDOWS\SYSTEM32\D3D12Core.dll
0x00007ffd787e0000 - 0x00007ffd7880a000 	C:\WINDOWS\SYSTEM32\bcrypt.dll
0x00007ffd3c6e0000 - 0x00007ffd3c73c000 	C:\WINDOWS\System32\DriverStore\FileRepository\iigd_dch.inf_amd64_1ffd93357d60fb67\igd12umd64.dll
0x00007ffc36f30000 - 0x00007ffc39012000 	C:\WINDOWS\System32\DriverStore\FileRepository\iigd_dch.inf_amd64_1ffd93357d60fb67\igd12um64xel.dll
0x00007ffd791e0000 - 0x00007ffd79357000 	C:\WINDOWS\System32\CRYPT32.dll
0x00007ffd2f5f0000 - 0x00007ffd2f673000 	C:\WINDOWS\System32\DriverStore\FileRepository\iigd_dch.inf_amd64_1ffd93357d60fb67\igdext64.dll
0x00007ffd39720000 - 0x00007ffd397cc000 	C:\WINDOWS\System32\DriverStore\FileRepository\iigd_dch.inf_amd64_1ffd93357d60fb67\IntelControlLib.dll
0x00007ffd6ed80000 - 0x00007ffd6f32a000 	C:\WINDOWS\System32\DriverStore\FileRepository\iigd_dch.inf_amd64_1ffd93357d60fb67\igdgmm64.dll
0x00007ffd69650000 - 0x00007ffd6e8c4000 	C:\WINDOWS\System32\DriverStore\FileRepository\iigd_dch.inf_amd64_1ffd93357d60fb67\igc64.dll
0x00007ffcd1790000 - 0x00007ffcd1875000 	C:\WINDOWS\SYSTEM32\D3DSCache.dll
0x00007ffd77c70000 - 0x00007ffd77c9b000 	C:\WINDOWS\SYSTEM32\USERENV.dll
0x00007ffcb42d0000 - 0x00007ffcb4625000 	C:\WINDOWS\System32\DriverStore\FileRepository\iigd_dch.inf_amd64_1ffd93357d60fb67\igd12dxva64.dll
0x00007ffd797d0000 - 0x00007ffd79c5a000 	C:\WINDOWS\System32\SETUPAPI.dll
0x00007ffd5f760000 - 0x00007ffd60cd6000 	C:\WINDOWS\System32\DriverStore\FileRepository\iigd_dch.inf_amd64_1ffd93357d60fb67\igddxvacommon64.dll
0x00007ffd5d6e0000 - 0x00007ffd5f760000 	C:\WINDOWS\System32\DriverStore\FileRepository\iigd_dch.inf_amd64_1ffd93357d60fb67\media_bin_64.dll
0x00007ffd5d6b0000 - 0x00007ffd5d6d8000 	C:\WINDOWS\System32\DriverStore\FileRepository\iigd_dch.inf_amd64_1ffd93357d60fb67\igdinfo64.dll
0x00007ffd74ae0000 - 0x00007ffd74d03000 	C:\WINDOWS\SYSTEM32\dcomp.dll
0x00007ffd73d30000 - 0x00007ffd73d49000 	C:\WINDOWS\SYSTEM32\Microsoft.Internal.WarpPal.dll
0x00007ffd738a0000 - 0x00007ffd73d1f000 	C:\WINDOWS\SYSTEM32\d3dcompiler_47.dll
0x00007ffd77fb0000 - 0x00007ffd77fcb000 	C:\WINDOWS\SYSTEM32\cryptsp.dll
0x00007ffd5b200000 - 0x00007ffd5b347000 	C:\WINDOWS\SYSTEM32\textinputframework.dll
0x00007ffd40820000 - 0x00007ffd40c39000 	C:\WINDOWS\SYSTEM32\uiautomationcore.dll
0x00007ffd3f280000 - 0x00007ffd3f2f9000 	C:\WINDOWS\SYSTEM32\OLEACC.dll
0x00007ffd75150000 - 0x00007ffd75277000 	C:\WINDOWS\SYSTEM32\CoreMessaging.dll
0x00007ffd71870000 - 0x00007ffd71b52000 	C:\WINDOWS\SYSTEM32\CoreUIComponents.dll
0x00007ffd77e10000 - 0x00007ffd77e1c000 	C:\WINDOWS\SYSTEM32\CRYPTBASE.DLL
0x00007ffd51ad0000 - 0x00007ffd51ae6000 	C:\Windows\System32\threadpoolwinrt.dll

JVMTI agents: none

dbghelp: loaded successfully - version: 4.0.5 - missing functions: none
symbol engine: initialized successfully - sym options: 0x614 - pdb path: .;C:\Program Files\Java\jdk-25\bin;C:\WINDOWS\SYSTEM32;C:\WINDOWS\WinSxS\amd64_microsoft.windows.common-controls_6595b64144ccf1df_6.0.26100.7019_none_3e06ffa0e335b8a8;C:\Program Files\Java\jdk-25\bin\server;C:\Users\serif\.skiko\64f176e39f60453df1ebf3b490935ff01e2e8db2dfc6217e7f91aacb376d7385;C:\WINDOWS\System32\DriverStore\FileRepository\iigd_dch.inf_amd64_1ffd93357d60fb67

VM Arguments:
jvm_args: -Dfile.encoding=UTF-8 -Duser.country=GB -Duser.language=en -Duser.variant 
java_command: week7_gui.qho543_week7_gui.MainKt
java_class_path (initial): C:\MyWork\Kotlin\IdeaProjects\QHO543_Week7_GUI\composeApp\build\classes\kotlin\jvm\main;C:\MyWork\Kotlin\IdeaProjects\QHO543_Week7_GUI\composeApp\build\classes\java\jvmMain;C:\MyWork\Kotlin\IdeaProjects\QHO543_Week7_GUI\composeApp\build\processedResources\jvm\main;C:\Users\serif\.gradle\caches\modules-2\files-2.1\org.jetbrains.compose.material3\material3-desktop\1.9.0\19004c4eb3dc6618eb66a076bbe3d7e1a2e7b85\material3-desktop-1.9.0.jar;C:\Users\serif\.gradle\caches\modules-2\files-2.1\org.jetbrains.compose.components\components-resources-desktop\1.9.1\263d44e856cb89a759959eec68dafae6d1931110\library-desktop-1.9.1.jar;C:\Users\serif\.gradle\caches\modules-2\files-2.1\org.jetbrains.compose.desktop\desktop-jvm\1.9.1\760a7f1c3278719f2ab9fa443228956e64a7a18e\desktop-jvm-1.9.1.jar;C:\Users\serif\.gradle\caches\modules-2\files-2.1\org.jetbrains.compose.material\material-desktop\1.9.1\67e948eefe3e565d3be2ddf0918a12f676537b0d\material-desktop-1.9.1.jar;C:\Users\serif\.gradle\caches\modules-2\files-2.1\org.jetbrains.compose.material\material-ripple-desktop\1.9.1\b0741397d2a9b93d7c9510c68196a27b717c07e9\material-ripple-desktop-1.9.1.jar;C:\Users\serif\.gradle\caches\modules-2\files-2.1\org.jetbrains.compose.foundation\foundation-desktop\1.9.1\737b624257ae2639cefe2ed8aecd2011f4a3aa0d\foundation-desktop-1.9.1.jar;C:\Users\serif\.gradle\caches\modules-2\files-2.1\org.jetbrains.androidx.lifecycle\lifecycle-viewmodel-compose-desktop\2.9.5\5cf03bfbc0f7139a4d7081d5da78c97287f3c65f\lifecycle-viewmodel-compose-desktop-2.9.5.jar;C:\Users\serif\.gradle\caches\modules-2\files-2.1\org.jetbrains.compose.animation\animation-desktop\1.9.1\bd1d694de3da4fd10bd8ab27f091785a3e6bcfb7\animation-desktop-1.9.1.jar;C:\Users\serif\.gradle\caches\modules-2\files-2.1\org.jetbrains.compose.foundation\foundation-layout-desktop\1.9.1\1046ee6bfb6a1494a946af7a4ab0f63226412f13\foundation-layout-desktop-1.9.1.jar;C:\Users\serif\.gradle\caches\modules-2\files-2.1\org.jetbrains.compose.animation\animation-core-desktop\1.9.1\47a335ae4cb43a1e5f950a1a6a44ac86be531ba5\animation-core-desktop-1.9.1.jar;C:\Users\serif\.gradle\caches\modules-2\files-2.1\org.jetbrains.compose.ui\ui-desktop\1.9.1\934f75ab21f0394f393bd05b9f0bd4812672ce20\ui-desktop-1.9.1.jar;C:\Users\serif\.gradle\caches\modules-2\files-2.1\org.jetbrains.skiko\skiko-awt-runtime-windows-x64\0.9.22.2\fe554a74845abbd5710ef36d27421c470bbd996f\skiko-awt-runtime-windows-x64-0.9.22.2.jar;C:\Users\serif\.gradle\caches\modules-2\files-2.1\org.jetbrains.compose.ui\ui-text-desktop\1.9.1\bd0f7eca77ec10ff33a8dcad3ea6ee7845015ab5\ui-text-desktop-1.9.1.jar;C:\Users\serif\.gradle\caches\modules-2\files-2.1\org.jetbrains.compose.ui\ui-graphics-desktop\1.9.1\94e03ee7a8da852f08141b07241de12161a50e37\ui-graphics-desktop-1.9.1.jar;C:\Users\serif\.gradle\caches\modules-2\files-2.1\org.jetbrains.skiko\skiko-awt\0.9.22.2\f1dab255d499b8ef215b308b531de32029c41dd6\skiko-awt-0.9.22.2.jar;C:\Users\serif\.gradle\caches\modules-2\files-2.1\org.jetbrains.compose.ui\ui-backhandler-desktop\1.9.1\b7f509317df9bd537c4458bcae9239caa7b57d65\ui-backhandler-desktop-1.9.1.jar;C:\Users\serif\.gradle\caches\modules-2\files-2.1\org.jetbrains.androidx.lifecycle\lifecycle-runtime-compose-desktop\2.9.5\7b6b6793f3c4c5996b20d1d99cf728e5fac00364\lifecycle-runtime-compose-desktop-2.9.5.jar;C:\Users\serif\.gradle\caches\modules-2\files-2.1\org.jetbrains.compose.ui\ui-unit-desktop\1.9.1\4ff1a779620c559d32f1a915186ee60519a62950\ui-unit-desktop-1.9.1.jar;C:\Users\serif\.gradle\caches\modules-2\files-2.1\org.jetbrains.compose.ui\ui-geometry-desktop\1.9.1\606e5a5b02206cc37f413369647eadc2dc577fee\ui-geometry-desktop-1.9.1.jar;C:\Users\serif\.gradle\caches\modules-2\files-2.1\org.jetbrains.compose.ui\ui-tooling-preview-desktop\1.9.1\75badc23517c7b5385e9b307a3b215e61bb7c56e\ui-tooling-preview-desktop-1.9.1.jar;C:\Users\serif\.gradle\caches\modules-2\files-2.1\org.jetbrains.compose.runtime\runtime-desktop\1.9.1\edbd39fc9691f4ba1e29c6690341148db4272752\runtime-desktop-1.9.1.jar;C:\Users\serif\.gradle\caches\modules-2\files-2.1\androidx.lifecycle\lifecycle-viewmodel-savedstate-desktop\2.9.4\72a1919b08c5a4da224d8a65ce1589aa69934e8a\lifecycle-viewmodel-savedstate-desktop-2.9.4.jar;C:\Users\serif\.gradle\caches\modules-2\files-2.1\androidx.lifecycle\lifecycle-viewmodel-desktop\2.9.4\93fee6d78f0df0e38f36e0fa2eff74f8da6d5481\lifecycle-viewmodel-desktop-2.9.4.jar;C:\Users\serif\.gradle\caches\modules-2\files-2.1\androidx.lifecycle\lifecycle-runtime-desktop\2.9.4\1cc820319ec0139e76b8a2fe4be0b356b4e624c4\lifecycle-runtime-desktop-2.9.4.jar;C:\Users\serif\.gradle\caches\modules-2\files-2.1\org.jetbrains.compose.runtime\runtime-saveable-desktop\1.9.1\9b0e2a8ce3ae7d2b1a40307bc9271933b238cfd4\runtime-saveable-desktop-1.9.1.jar;C:\Users\serif\.gradle\caches\modules-2\files-2.1\androidx.compose.runtime\runtime-annotation-jvm\1.9.3\3195cb969ccebf099b765ecbf41e563c73eaf356\runtime-annotation-jvm-1.9.3.jar;C:\Users\serif\.gradle\caches\modules-2\files-2.1\androidx.compose.runtime\runtime-saveable-desktop\1.9.3\e781301950a900a1a0c712574b143e442c52f57e\runtime-saveable-desktop-1.9.3.jar;C:\Users\serif\.gradle\caches\modules-2\files-2.1\androidx.savedstate\savedstate-compose-desktop\1.3.3\cd60b543d5722a8b5e6cea1e4ccdec8b4375a22b\savedstate-compose-desktop-1.3.3.jar;C:\Users\serif\.gradle\caches\modules-2\files-2.1\androidx.savedstate\savedstate-desktop\1.3.3\1c5bfc3fb56614538528060a06f2c03e34fa5188\savedstate-desktop-1.3.3.jar;C:\Users\serif\.gradle\caches\modules-2\files-2.1\androidx.lifecycle\lifecycle-common-jvm\2.9.4\ab739bccdb3541983385af169565c7c035d897e7\lifecycle-common-jvm-2.9.4.jar;C:\Users\serif\.gradle\caches\modules-2\files-2.1\androidx.lifecycle\lifecycle-runtime-compose-desktop\2.9.4\86a4ffec845d4e488078118a0b5095bd1fabcafe\lifecycle-runtime-compose-desktop-2.9.4.jar;C:\Users\serif\.gradle\caches\modules-2\files-2.1\androidx.compose.runtime\runtime-desktop\1.9.3\1006732369660319982cb5a9af71783d3ffdc0ad\runtime-desktop-1.9.3.jar;C:\Users\serif\.gradle\caches\modules-2\files-2.1\org.jetbrains.kotlinx\kotlinx-coroutines-core-jvm\1.10.2\4a9f78ef49483748e2c129f3d124b8fa249dafbf\kotlinx-coroutines-core-jvm-1.10.2.jar;C:\Users\serif\.gradle\caches\modules-2\files-2.1\org.jetbrains.kotlinx\kotlinx-coroutines-swing\1.10.2\ccb5a2e7c83fa76da0ba4677f05678d3bd3eed57\kotlinx-coroutines-swing-1.10.2.jar;C:\Users\serif\.gradle\caches\modules-2\files-2.1\org.jetbrains.compose.components\components-ui-tooling-preview-desktop\1.9.1\5b3acb8bd7379767b72faafacfb25852a6d2d328\library-desktop-1.9.1.jar;C:\Users\serif\.gradle\caches\modules-2\files-2.1\org.jetbrains.kotlin\kotlin-stdlib-jdk8\2.1.21\fb62497994f5cfa4ad41fcff05020c35976307c6\kotlin-stdlib-jdk8-2.1.21.jar;C:\Users\serif\.gradle\caches\modules-2\files-2.1\org.jetbrains.compose.ui\ui-util-desktop\1.9.1\3f9edd3d5eb28417c667ccbf2931416f3871ed40\ui-util-desktop-1.9.1.jar;C:\Users\serif\.gradle\caches\modules-2\files-2.1\org.jetbrains.kotlinx\atomicfu-jvm\0.23.2\a4601dc42dceb031a586058e8356ff778a57dea0\atomicfu-jvm-0.23.2.jar;C:\Users\serif\.gradle\caches\modules-2\files-2.1\org.jetbrains.kotlinx\kotlinx-datetime-jvm\0.7.1\81c2e0246bd28cc2dcbdf0ab53628322e66a9de9\kotlinx-datetime-jvm-0.7.1.jar;C:\Users\serif\.gradle\caches\modules-2\files-2.1\org.jetbrains.kotlin\kotlin-stdlib-jdk7\2.1.21\f5e72fe5f9501e0d27ec633beb3996c29641b877\kotlin-stdlib-jdk7-2.1.21.jar;C:\Users\serif\.gradle\caches\modules-2\files-2.1\androidx.collection\collection-jvm\1.5.0\7ba2c69414d46ebc2dd76598bdd0a75c54281a57\collection-jvm-1.5.0.jar;C:\Users\serif\.gradle\caches\modules-2\files-2.1\androidx.arch.core\core-common\2.2.0\5e1b8b81dfd5f52c56a8d53b18ca759c19a301f3\core-common-2.2.0.jar;C:\Users\serif\.gradle\caches\modules-2\files-2.1\androidx.annotation\annotation-jvm\1.9.1\b17951747e38bf3986a24431b9ba0d039958aa5f\annotation-jvm-1.9.1.jar;C:\Users\serif\.gradle\caches\modules-2\files-2.1\org.jetbrains.kotlinx\kotlinx-serialization-core-jvm\1.7.3\1f226780b845ff9206474c05159245d861556249\kotlinx-serialization-core-jvm-1.7.3.jar;C:\Users\serif\.gradle\caches\modules-2\files-2.1\org.jetbrains.kotlin\kotlin-stdlib\2.2.20\5380b19fa1924399b62ce3a1faffebb2b4f82272\kotlin-stdlib-2.2.20.jar;C:\Users\serif\.gradle\caches\modules-2\files-2.1\org.jetbrains\annotations\23.0.0\8cc20c07506ec18e0834947b84a864bfc094484e\annotations-23.0.0.jar;C:\Users\serif\.gradle\caches\modules-2\files-2.1\org.jetbrains.runtime\jbr-api\1.5.0\4158e485a7a4ecfd521e03095d81e0225529e8d2\jbr-api-1.5.0.jar;C:\Users\serif\.gradle\caches\modules-2\files-2.1\org.jspecify\jspecify\1.0.0\7425a601c1c7ec76645a78d22b8c6a627edee507\jspecify-1.0.0.jar
Launcher Type: SUN_STANDARD

[Global flags]
     intx CICompilerCount                          = 4                                         {product} {ergonomic}
     uint ConcGCThreads                            = 3                                         {product} {ergonomic}
     uint G1ConcRefinementThreads                  = 10                                        {product} {ergonomic}
   size_t G1HeapRegionSize                         = 4194304                                   {product} {ergonomic}
   size_t InitialHeapSize                          = 528482304                                 {product} {ergonomic}
   size_t MarkStackSize                            = 4194304                                   {product} {ergonomic}
   size_t MarkStackSizeMax                         = 536870912                                 {product} {ergonomic}
   size_t MaxHeapSize                              = 8443133952                                {product} {ergonomic}
   size_t MaxNewSize                               = 5062524928                                {product} {ergonomic}
   size_t MinHeapDeltaBytes                        = 4194304                                   {product} {ergonomic}
   size_t MinHeapSize                              = 8388608                                   {product} {ergonomic}
    uintx NonNMethodCodeHeapSize                   = 5832704                                {pd product} {ergonomic}
    uintx NonProfiledCodeHeapSize                  = 122945536                              {pd product} {ergonomic}
    uintx ProfiledCodeHeapSize                     = 122880000                              {pd product} {ergonomic}
    uintx ReservedCodeCacheSize                    = 251658240                              {pd product} {ergonomic}
     bool SegmentedCodeCache                       = true                                      {product} {ergonomic}
   size_t SoftMaxHeapSize                          = 8443133952                             {manageable} {ergonomic}
     bool UseCompressedOops                        = true                           {product lp64_product} {ergonomic}
     bool UseG1GC                                  = true                                      {product} {ergonomic}
     bool UseLargePagesIndividualAllocation        = false                                  {pd product} {ergonomic}

Logging:
Log output configuration:
 #0: stdout all=warning uptime,level,tags foldmultilines=false
 #1: stderr all=off uptime,level,tags foldmultilines=false

Release file:
IMPLEMENTOR="Oracle Corporation" 
JAVA_RUNTIME_VERSION="25+37-LTS-3491" 
JAVA_VERSION="25" 
JAVA_VERSION_DATE="2025-09-16" 
LIBC="default" 
MODULES="java.base java.compiler java.datatransfer java.xml java.prefs java.desktop java.instrument java.logging java.management java.security.sasl java.naming java.rmi java.management.rmi java.net.http java.scripting java.security.jgss java.transaction.xa java.sql java.sql.rowset java.xml.crypto java.se java.smartcardio jdk.accessibility jdk.internal.jvmstat jdk.attach jdk.charsets jdk.internal.opt jdk.zipfs jdk.compiler jdk.crypto.cryptoki jdk.crypto.ec jdk.crypto.mscapi jdk.dynalink jdk.internal.ed jdk.editpad jdk.internal.vm.ci jdk.graal.compiler jdk.graal.compiler.management jdk.hotspot.agent jdk.httpserver jdk.incubator.vector jdk.internal.le jdk.internal.md jdk.jartool jdk.javadoc jdk.jcmd jdk.management jdk.management.agent jdk.jconsole jdk.jdeps jdk.jdwp.agent jdk.jdi jdk.jfr jdk.jlink jdk.jpackage jdk.jshell jdk.jsobject jdk.jstatd jdk.localedata jdk.management.jfr jdk.naming.dns jdk.naming.rmi jdk.net jdk.nio.mapmode jdk.sctp jdk.security.auth jdk.security.jgss jdk.unsupported jdk.unsupported.desktop jdk.xml.dom" 
OS_ARCH="x86_64" 
OS_NAME="Windows" 
SOURCE=".:git:49d6a23b8806 open:git:6c48f4ed707b" 

Environment Variables:
JAVA_HOME=C:\Program Files\Java\jdk-25
PATH=C:\Program Files\Java\jdk-25\bin;C:\Program Files\Common Files\Oracle\Java\javapath;C:\WINDOWS\system32;C:\WINDOWS;C:\WINDOWS\System32\Wbem;C:\WINDOWS\System32\WindowsPowerShell\v1.0\;C:\WINDOWS\System32\OpenSSH\;C:\Program Files\Git\cmd;C:\Program Files\Apache\Maven\bin;C:\sqlite;C:\Users\serif\AppData\Local\Programs\Python\Python314\Scripts\;C:\Users\serif\AppData\Local\Programs\Python\Python314\;C:\Users\serif\AppData\Local\Microsoft\WindowsApps;C:\Users\serif\AppData\Local\Programs\Microsoft VS Code\bin;C:\Program Files\JetBrains\IntelliJ IDEA 2025.2.3\bin;C:\Users\serif\AppData\Local\Python\bin;C:\Users\serif\AppData\Local\GitHubDesktop\bin;C:\Users\serif\AppData\Local\PowerToys\DSCModules\
USERNAME=serif
OS=Windows_NT
PROCESSOR_IDENTIFIER=Intel64 Family 6 Model 154 Stepping 4, GenuineIntel
TMP=C:\Users\serif\AppData\Local\Temp
TEMP=C:\Users\serif\AppData\Local\Temp




Compilation memory statistics disabled.

Periodic native trim disabled

---------------  S Y S T E M  ---------------

OS:
 Windows 11 , 64 bit Build 26100 (10.0.26100.7019)
OS uptime: 9 days 18:52 hours
Hyper-V role detected

CPU: total 12 (initial active 12) (6 cores per cpu, 2 threads per core) family 6 model 154 stepping 4 microcode 0x437, cx8, cmov, fxsr, ht, mmx, 3dnowpref, sse, sse2, sse3, ssse3, sse4.1, sse4.2, popcnt, lzcnt, tsc, tscinvbit, avx, avx2, aes, erms, clmul, bmi1, bmi2, adx, sha, fma, vzeroupper, clflush, clflushopt, clwb, hv, serialize, rdtscp, rdpid, fsrm, gfni, f16c, cet_ibt, cet_ss
Processor Information for the first 12 processors :
  Max Mhz: 1800, Current Mhz: 1800, Mhz Limit: 1800

Memory: 4k page, system-wide physical 32195M (7213M free)
TotalPageFile size 40711M (AvailPageFile size 3599M)
current process WorkingSet (physical memory assigned to process): 74M, peak: 227M
current process commit charge ("private bytes"): 724M, peak: 728M

vm_info: Java HotSpot(TM) 64-Bit Server VM (25+37-LTS-3491) for windows-amd64 JRE (25+37-LTS-3491), built on 2025-08-14T21:13:00Z with unknown MS VC++:1943

END.
